0 verbose cli /usr/local/bin/node /usr/local/bin/npm
1 info using npm@10.9.2
2 info using node@v22.15.1
3 silly config load:file:/usr/local/lib/node_modules/npm/npmrc
4 silly config load:file:/Users/magic/Python/ruta-naturals/.npmrc
5 silly config load:file:/Users/magic/.npmrc
6 silly config load:file:/usr/local/etc/npmrc
7 verbose title npm install
8 verbose argv "install" "--cache" "./.npm-cache"
9 verbose logfile logs-max:10 dir:/Users/magic/Python/ruta-naturals/.npm-cache/_logs/2026-05-02T07_37_52_474Z-
10 verbose logfile /Users/magic/Python/ruta-naturals/.npm-cache/_logs/2026-05-02T07_37_52_474Z-debug-0.log
11 silly logfile done cleaning log files
12 silly packumentCache heap:2197815296 maxSize:549453824 maxEntrySize:274726912
13 silly idealTree buildDeps
14 silly fetch manifest dotenv@^16.4.5
15 silly packumentCache full:https://registry.npmjs.org/dotenv cache-miss
16 http fetch GET 200 https://registry.npmjs.org/dotenv 235ms (cache miss)
17 silly packumentCache full:https://registry.npmjs.org/dotenv set size:undefined disposed:false
18 silly fetch manifest express@^4.18.3
19 silly packumentCache full:https://registry.npmjs.org/express cache-miss
20 http fetch GET 200 https://registry.npmjs.org/npm 481ms
21 http fetch GET 200 https://registry.npmjs.org/express 220ms (cache miss)
22 silly packumentCache full:https://registry.npmjs.org/express set size:undefined disposed:false
23 silly fetch manifest stripe@^14.25.0
24 silly packumentCache full:https://registry.npmjs.org/stripe cache-miss
25 http fetch GET 200 https://registry.npmjs.org/stripe 312ms (cache miss)
26 silly packumentCache full:https://registry.npmjs.org/stripe set size:undefined disposed:false
27 silly fetch manifest nodemon@^3.1.0
28 silly packumentCache full:https://registry.npmjs.org/nodemon cache-miss
29 http fetch GET 200 https://registry.npmjs.org/nodemon 414ms (cache miss)
30 silly packumentCache full:https://registry.npmjs.org/nodemon set size:undefined disposed:false
31 silly placeDep ROOT dotenv@16.6.1 OK for: ruta-naturals@1.0.0 want: ^16.4.5
32 silly placeDep ROOT express@4.22.1 OK for: ruta-naturals@1.0.0 want: ^4.18.3
33 silly placeDep ROOT nodemon@3.1.14 OK for: ruta-naturals@1.0.0 want: ^3.1.0
34 silly placeDep ROOT stripe@14.25.0 OK for: ruta-naturals@1.0.0 want: ^14.25.0
35 silly fetch manifest qs@~6.14.0
36 silly packumentCache full:https://registry.npmjs.org/qs cache-miss
37 silly fetch manifest depd@2.0.0
38 silly packumentCache full:https://registry.npmjs.org/depd cache-miss
39 silly fetch manifest etag@~1.8.1
40 silly packumentCache full:https://registry.npmjs.org/etag cache-miss
41 silly fetch manifest send@~0.19.0
42 silly packumentCache full:https://registry.npmjs.org/send cache-miss
43 silly fetch manifest vary@~1.1.2
44 silly packumentCache full:https://registry.npmjs.org/vary cache-miss
45 silly fetch manifest debug@2.6.9
46 silly packumentCache full:https://registry.npmjs.org/debug cache-miss
47 silly fetch manifest fresh@~0.5.2
48 silly packumentCache full:https://registry.npmjs.org/fresh cache-miss
49 http fetch GET 200 https://registry.npmjs.org/qs 115ms (cache miss)
50 silly packumentCache full:https://registry.npmjs.org/qs set size:undefined disposed:false
51 silly fetch manifest cookie@~0.7.1
52 silly packumentCache full:https://registry.npmjs.org/cookie cache-miss
53 http fetch GET 200 https://registry.npmjs.org/cookie 60ms (cache miss)
54 silly packumentCache full:https://registry.npmjs.org/cookie set size:undefined disposed:false
55 silly fetch manifest accepts@~1.3.8
56 silly packumentCache full:https://registry.npmjs.org/accepts cache-miss
57 http fetch GET 200 https://registry.npmjs.org/etag 195ms (cache miss)
58 silly packumentCache full:https://registry.npmjs.org/etag set size:undefined disposed:false
59 silly fetch manifest methods@~1.1.2
60 silly packumentCache full:https://registry.npmjs.org/methods cache-miss
61 http fetch GET 200 https://registry.npmjs.org/vary 262ms (cache miss)
62 silly packumentCache full:https://registry.npmjs.org/vary set size:undefined disposed:false
63 silly fetch manifest type-is@~1.6.18
64 silly packumentCache full:https://registry.npmjs.org/type-is cache-miss
65 http fetch GET 200 https://registry.npmjs.org/methods 70ms (cache miss)
66 silly packumentCache full:https://registry.npmjs.org/methods set size:undefined disposed:false
67 silly fetch manifest parseurl@~1.3.3
68 silly packumentCache full:https://registry.npmjs.org/parseurl cache-miss
69 http fetch GET 200 https://registry.npmjs.org/fresh 264ms (cache miss)
70 silly packumentCache full:https://registry.npmjs.org/fresh set size:undefined disposed:false
71 silly fetch manifest statuses@~2.0.1
72 silly packumentCache full:https://registry.npmjs.org/statuses cache-miss
73 http fetch GET 200 https://registry.npmjs.org/debug 267ms (cache miss)
74 silly packumentCache full:https://registry.npmjs.org/debug set size:undefined disposed:false
75 silly fetch manifest encodeurl@~2.0.0
76 silly packumentCache full:https://registry.npmjs.org/encodeurl cache-miss
77 http fetch GET 200 https://registry.npmjs.org/statuses 57ms (cache miss)
78 silly packumentCache full:https://registry.npmjs.org/statuses set size:undefined disposed:false
79 silly fetch manifest proxy-addr@~2.0.7
80 silly packumentCache full:https://registry.npmjs.org/proxy-addr cache-miss
81 http fetch GET 200 https://registry.npmjs.org/type-is 74ms (cache miss)
82 silly packumentCache full:https://registry.npmjs.org/type-is set size:undefined disposed:false
83 silly fetch manifest body-parser@~1.20.3
84 silly packumentCache full:https://registry.npmjs.org/body-parser cache-miss
85 http fetch GET 200 https://registry.npmjs.org/parseurl 76ms (cache miss)
86 silly packumentCache full:https://registry.npmjs.org/parseurl set size:undefined disposed:false
87 silly fetch manifest escape-html@~1.0.3
88 silly packumentCache full:https://registry.npmjs.org/escape-html cache-miss
89 http fetch GET 200 https://registry.npmjs.org/depd 344ms (cache miss)
90 silly packumentCache full:https://registry.npmjs.org/depd set size:undefined disposed:false
91 silly fetch manifest http-errors@~2.0.0
92 silly packumentCache full:https://registry.npmjs.org/http-errors cache-miss
93 http fetch GET 200 https://registry.npmjs.org/encodeurl 74ms (cache miss)
94 silly packumentCache full:https://registry.npmjs.org/encodeurl set size:undefined disposed:false
95 silly fetch manifest on-finished@~2.4.1
96 silly packumentCache full:https://registry.npmjs.org/on-finished cache-miss
97 http fetch GET 200 https://registry.npmjs.org/http-errors 64ms (cache miss)
98 silly packumentCache full:https://registry.npmjs.org/http-errors set size:undefined disposed:false
99 silly fetch manifest safe-buffer@5.2.1
100 silly packumentCache full:https://registry.npmjs.org/safe-buffer cache-miss
101 http fetch GET 200 https://registry.npmjs.org/escape-html 71ms (cache miss)
102 silly packumentCache full:https://registry.npmjs.org/escape-html set size:undefined disposed:false
103 silly fetch manifest utils-merge@1.0.1
104 silly packumentCache full:https://registry.npmjs.org/utils-merge cache-miss
105 http fetch GET 200 https://registry.npmjs.org/body-parser 86ms (cache miss)
106 silly packumentCache full:https://registry.npmjs.org/body-parser set size:undefined disposed:false
107 silly fetch manifest content-type@~1.0.4
108 silly packumentCache full:https://registry.npmjs.org/content-type cache-miss
109 http fetch GET 200 https://registry.npmjs.org/proxy-addr 106ms (cache miss)
110 silly packumentCache full:https://registry.npmjs.org/proxy-addr set size:undefined disposed:false
111 silly fetch manifest finalhandler@~1.3.1
112 silly packumentCache full:https://registry.npmjs.org/finalhandler cache-miss
113 http fetch GET 200 https://registry.npmjs.org/send 458ms (cache miss)
114 silly packumentCache full:https://registry.npmjs.org/send set size:undefined disposed:false
115 silly fetch manifest range-parser@~1.2.1
116 silly packumentCache full:https://registry.npmjs.org/range-parser cache-miss
117 http fetch GET 200 https://registry.npmjs.org/accepts 283ms (cache miss)
118 silly packumentCache full:https://registry.npmjs.org/accepts set size:undefined disposed:false
119 silly fetch manifest serve-static@~1.16.2
120 silly packumentCache full:https://registry.npmjs.org/serve-static cache-miss
121 http fetch GET 200 https://registry.npmjs.org/safe-buffer 61ms (cache miss)
122 silly packumentCache full:https://registry.npmjs.org/safe-buffer set size:undefined disposed:false
123 silly fetch manifest array-flatten@1.1.1
124 silly packumentCache full:https://registry.npmjs.org/array-flatten cache-miss
125 http fetch GET 200 https://registry.npmjs.org/utils-merge 69ms (cache miss)
126 silly packumentCache full:https://registry.npmjs.org/utils-merge set size:undefined disposed:false
127 silly fetch manifest path-to-regexp@~0.1.12
128 silly packumentCache full:https://registry.npmjs.org/path-to-regexp cache-miss
129 http fetch GET 200 https://registry.npmjs.org/content-type 68ms (cache miss)
130 silly packumentCache full:https://registry.npmjs.org/content-type set size:undefined disposed:false
131 silly fetch manifest setprototypeof@1.2.0
132 silly packumentCache full:https://registry.npmjs.org/setprototypeof cache-miss
133 http fetch GET 200 https://registry.npmjs.org/array-flatten 60ms (cache miss)
134 silly packumentCache full:https://registry.npmjs.org/array-flatten set size:undefined disposed:false
135 silly fetch manifest cookie-signature@~1.0.6
136 silly packumentCache full:https://registry.npmjs.org/cookie-signature cache-miss
137 http fetch GET 200 https://registry.npmjs.org/setprototypeof 68ms (cache miss)
138 silly packumentCache full:https://registry.npmjs.org/setprototypeof set size:undefined disposed:false
139 silly fetch manifest merge-descriptors@1.0.3
140 silly packumentCache full:https://registry.npmjs.org/merge-descriptors cache-miss
141 http fetch GET 200 https://registry.npmjs.org/path-to-regexp 91ms (cache miss)
142 silly packumentCache full:https://registry.npmjs.org/path-to-regexp set size:undefined disposed:false
143 silly fetch manifest content-disposition@~0.5.4
144 silly packumentCache full:https://registry.npmjs.org/content-disposition cache-miss
145 http fetch GET 200 https://registry.npmjs.org/cookie-signature 56ms (cache miss)
146 silly packumentCache full:https://registry.npmjs.org/cookie-signature set size:undefined disposed:false
147 silly fetch manifest debug@^4
148 silly packumentCache full:https://registry.npmjs.org/debug cache-miss
149 http cache https://registry.npmjs.org/debug 4ms (cache hit)
150 silly packumentCache full:https://registry.npmjs.org/debug set size:195840 disposed:false
151 silly fetch manifest touch@^3.1.0
152 silly packumentCache full:https://registry.npmjs.org/touch cache-miss
153 http fetch GET 200 https://registry.npmjs.org/merge-descriptors 67ms (cache miss)
154 silly packumentCache full:https://registry.npmjs.org/merge-descriptors set size:undefined disposed:false
155 silly fetch manifest semver@^7.5.3
156 silly packumentCache full:https://registry.npmjs.org/semver cache-miss
157 http fetch GET 200 https://registry.npmjs.org/on-finished 308ms (cache miss)
158 silly packumentCache full:https://registry.npmjs.org/on-finished set size:undefined disposed:false
159 silly fetch manifest chokidar@^3.5.2
160 silly packumentCache full:https://registry.npmjs.org/chokidar cache-miss
161 http fetch GET 200 https://registry.npmjs.org/touch 63ms (cache miss)
162 silly packumentCache full:https://registry.npmjs.org/touch set size:undefined disposed:false
163 silly fetch manifest minimatch@^10.2.1
164 silly packumentCache full:https://registry.npmjs.org/minimatch cache-miss
165 http fetch GET 200 https://registry.npmjs.org/content-disposition 83ms (cache miss)
166 silly packumentCache full:https://registry.npmjs.org/content-disposition set size:undefined disposed:false
167 silly fetch manifest undefsafe@^2.0.5
168 silly packumentCache full:https://registry.npmjs.org/undefsafe cache-miss
169 http fetch GET 200 https://registry.npmjs.org/semver 97ms (cache miss)
170 silly packumentCache full:https://registry.npmjs.org/semver set size:undefined disposed:false
171 silly fetch manifest pstree.remy@^1.1.8
172 silly packumentCache full:https://registry.npmjs.org/pstree.remy cache-miss
173 http fetch GET 200 https://registry.npmjs.org/finalhandler 318ms (cache miss)
174 silly packumentCache full:https://registry.npmjs.org/finalhandler set size:undefined disposed:false
175 silly fetch manifest supports-color@^5.5.0
176 silly packumentCache full:https://registry.npmjs.org/supports-color cache-miss
177 http fetch GET 200 https://registry.npmjs.org/undefsafe 109ms (cache miss)
178 silly packumentCache full:https://registry.npmjs.org/undefsafe set size:undefined disposed:false
179 silly fetch manifest ignore-by-default@^1.0.1
180 silly packumentCache full:https://registry.npmjs.org/ignore-by-default cache-miss
181 http fetch GET 200 https://registry.npmjs.org/minimatch 133ms (cache miss)
182 silly packumentCache full:https://registry.npmjs.org/minimatch set size:undefined disposed:false
183 silly fetch manifest simple-update-notifier@^2.0.0
184 silly packumentCache full:https://registry.npmjs.org/simple-update-notifier cache-miss
185 http fetch GET 200 https://registry.npmjs.org/chokidar 140ms (cache miss)
186 silly packumentCache full:https://registry.npmjs.org/chokidar set size:undefined disposed:false
187 silly fetch manifest qs@^6.11.0
188 silly packumentCache full:https://registry.npmjs.org/qs cache-miss
189 http fetch GET 200 https://registry.npmjs.org/range-parser 336ms (cache miss)
190 silly packumentCache full:https://registry.npmjs.org/range-parser set size:undefined disposed:false
191 silly fetch manifest @types/node@>=8.1.0
192 silly packumentCache full:https://registry.npmjs.org/@types%2fnode cache-miss
193 http cache https://registry.npmjs.org/qs 3ms (cache hit)
194 silly packumentCache full:https://registry.npmjs.org/qs set size:353582 disposed:false
195 http fetch GET 200 https://registry.npmjs.org/serve-static 365ms (cache miss)
196 silly packumentCache full:https://registry.npmjs.org/serve-static set size:undefined disposed:false
197 http fetch GET 200 https://registry.npmjs.org/simple-update-notifier 66ms (cache miss)
198 silly packumentCache full:https://registry.npmjs.org/simple-update-notifier set size:undefined disposed:false
199 http fetch GET 200 https://registry.npmjs.org/supports-color 109ms (cache miss)
200 silly packumentCache full:https://registry.npmjs.org/supports-color set size:undefined disposed:false
201 http fetch GET 200 https://registry.npmjs.org/@types%2fnode 662ms (cache miss)
202 silly packumentCache full:https://registry.npmjs.org/@types%2fnode set size:undefined disposed:false
203 http fetch GET 200 https://registry.npmjs.org/ignore-by-default 764ms (cache miss)
204 silly packumentCache full:https://registry.npmjs.org/ignore-by-default set size:undefined disposed:false
205 http fetch GET 200 https://registry.npmjs.org/pstree.remy 820ms (cache miss)
206 silly packumentCache full:https://registry.npmjs.org/pstree.remy set size:undefined disposed:false
207 silly placeDep ROOT accepts@1.3.8 OK for: express@4.22.1 want: ~1.3.8
208 silly placeDep ROOT array-flatten@1.1.1 OK for: express@4.22.1 want: 1.1.1
209 silly placeDep ROOT body-parser@1.20.5 OK for: express@4.22.1 want: ~1.20.3
210 silly placeDep ROOT content-disposition@0.5.4 OK for: express@4.22.1 want: ~0.5.4
211 silly placeDep ROOT content-type@1.0.5 OK for: express@4.22.1 want: ~1.0.4
212 silly placeDep ROOT cookie@0.7.2 OK for: express@4.22.1 want: ~0.7.1
213 silly placeDep ROOT cookie-signature@1.0.7 OK for: express@4.22.1 want: ~1.0.6
214 silly placeDep ROOT debug@2.6.9 OK for: express@4.22.1 want: 2.6.9
215 silly placeDep ROOT depd@2.0.0 OK for: express@4.22.1 want: 2.0.0
216 silly placeDep ROOT encodeurl@2.0.0 OK for: express@4.22.1 want: ~2.0.0
217 silly placeDep ROOT escape-html@1.0.3 OK for: express@4.22.1 want: ~1.0.3
218 silly placeDep ROOT etag@1.8.1 OK for: express@4.22.1 want: ~1.8.1
219 silly placeDep ROOT finalhandler@1.3.2 OK for: express@4.22.1 want: ~1.3.1
220 silly placeDep ROOT fresh@0.5.2 OK for: express@4.22.1 want: ~0.5.2
221 silly placeDep ROOT http-errors@2.0.1 OK for: express@4.22.1 want: ~2.0.0
222 silly placeDep ROOT merge-descriptors@1.0.3 OK for: express@4.22.1 want: 1.0.3
223 silly placeDep ROOT methods@1.1.2 OK for: express@4.22.1 want: ~1.1.2
224 silly placeDep ROOT on-finished@2.4.1 OK for: express@4.22.1 want: ~2.4.1
225 silly placeDep ROOT parseurl@1.3.3 OK for: express@4.22.1 want: ~1.3.3
226 silly placeDep ROOT path-to-regexp@0.1.13 OK for: express@4.22.1 want: ~0.1.12
227 silly placeDep ROOT proxy-addr@2.0.7 OK for: express@4.22.1 want: ~2.0.7
228 silly placeDep ROOT qs@6.14.2 OK for: express@4.22.1 want: ~6.14.0
229 silly placeDep ROOT range-parser@1.2.1 OK for: express@4.22.1 want: ~1.2.1
230 silly placeDep ROOT safe-buffer@5.2.1 OK for: express@4.22.1 want: 5.2.1
231 silly placeDep ROOT send@0.19.2 OK for: express@4.22.1 want: ~0.19.0
232 silly placeDep ROOT serve-static@1.16.3 OK for: express@4.22.1 want: ~1.16.2
233 silly placeDep ROOT setprototypeof@1.2.0 OK for: express@4.22.1 want: 1.2.0
234 silly placeDep ROOT statuses@2.0.2 OK for: express@4.22.1 want: ~2.0.1
235 silly placeDep ROOT type-is@1.6.18 OK for: express@4.22.1 want: ~1.6.18
236 silly placeDep ROOT utils-merge@1.0.1 OK for: express@4.22.1 want: 1.0.1
237 silly placeDep ROOT vary@1.1.2 OK for: express@4.22.1 want: ~1.1.2
238 silly fetch manifest mime-types@~2.1.34
239 silly packumentCache full:https://registry.npmjs.org/mime-types cache-miss
240 silly fetch manifest negotiator@0.6.3
241 silly packumentCache full:https://registry.npmjs.org/negotiator cache-miss
242 silly fetch manifest bytes@~3.1.2
243 silly packumentCache full:https://registry.npmjs.org/bytes cache-miss
244 silly fetch manifest content-type@~1.0.5
245 silly packumentCache full:https://registry.npmjs.org/content-type cache-miss
246 silly fetch manifest destroy@~1.2.0
247 silly packumentCache full:https://registry.npmjs.org/destroy cache-miss
248 silly fetch manifest http-errors@~2.0.1
249 silly packumentCache full:https://registry.npmjs.org/http-errors cache-miss
250 silly fetch manifest iconv-lite@~0.4.24
251 silly packumentCache full:https://registry.npmjs.org/iconv-lite cache-miss
252 http cache https://registry.npmjs.org/http-errors 3ms (cache hit)
253 silly packumentCache full:https://registry.npmjs.org/http-errors set size:71987 disposed:false
254 silly fetch manifest qs@~6.15.1
255 silly packumentCache full:https://registry.npmjs.org/qs cache-hit
256 silly fetch manifest raw-body@~2.5.3
257 silly packumentCache full:https://registry.npmjs.org/raw-body cache-miss
258 http cache https://registry.npmjs.org/content-type 4ms (cache hit)
259 silly packumentCache full:https://registry.npmjs.org/content-type set size:17311 disposed:false
260 silly fetch manifest unpipe@~1.0.0
261 silly packumentCache full:https://registry.npmjs.org/unpipe cache-miss
262 http fetch GET 200 https://registry.npmjs.org/destroy 53ms (cache miss)
263 silly packumentCache full:https://registry.npmjs.org/destroy set size:undefined disposed:false
264 silly fetch manifest ms@2.0.0
265 silly packumentCache full:https://registry.npmjs.org/ms cache-miss
266 http fetch GET 200 https://registry.npmjs.org/bytes 64ms (cache miss)
267 silly packumentCache full:https://registry.npmjs.org/bytes set size:undefined disposed:false
268 silly fetch manifest unpipe@~1.0.0
269 silly packumentCache full:https://registry.npmjs.org/unpipe cache-miss
270 http fetch GET 200 https://registry.npmjs.org/negotiator 66ms (cache miss)
271 silly packumentCache full:https://registry.npmjs.org/negotiator set size:undefined disposed:false
272 silly fetch manifest statuses@~2.0.2
273 silly packumentCache full:https://registry.npmjs.org/statuses cache-miss
274 http cache https://registry.npmjs.org/statuses 1ms (cache hit)
275 silly packumentCache full:https://registry.npmjs.org/statuses set size:37117 disposed:false
276 silly fetch manifest inherits@~2.0.4
277 silly packumentCache full:https://registry.npmjs.org/inherits cache-miss
278 http fetch GET 200 https://registry.npmjs.org/unpipe 73ms (cache miss)
279 silly packumentCache full:https://registry.npmjs.org/unpipe set size:undefined disposed:false
280 silly fetch manifest setprototypeof@~1.2.0
281 silly packumentCache full:https://registry.npmjs.org/setprototypeof cache-miss
282 http fetch GET 200 https://registry.npmjs.org/iconv-lite 78ms (cache miss)
283 silly packumentCache full:https://registry.npmjs.org/iconv-lite set size:undefined disposed:false
284 silly fetch manifest toidentifier@~1.0.1
285 silly packumentCache full:https://registry.npmjs.org/toidentifier cache-miss
286 http cache https://registry.npmjs.org/setprototypeof 4ms (cache hit)
287 silly packumentCache full:https://registry.npmjs.org/setprototypeof set size:14532 disposed:false
288 silly fetch manifest ee-first@1.1.1
289 silly packumentCache full:https://registry.npmjs.org/ee-first cache-miss
290 http fetch GET 200 https://registry.npmjs.org/raw-body 82ms (cache miss)
291 silly packumentCache full:https://registry.npmjs.org/raw-body set size:undefined disposed:false
292 silly fetch manifest forwarded@0.2.0
293 silly packumentCache full:https://registry.npmjs.org/forwarded cache-miss
294 http fetch GET 200 https://registry.npmjs.org/unpipe 52ms (cache miss)
295 silly packumentCache full:https://registry.npmjs.org/unpipe set size:undefined disposed:false
296 silly fetch manifest ipaddr.js@1.9.1
297 silly packumentCache full:https://registry.npmjs.org/ipaddr.js cache-miss
298 http fetch GET 200 https://registry.npmjs.org/ms 65ms (cache miss)
299 silly packumentCache full:https://registry.npmjs.org/ms set size:undefined disposed:false
300 silly fetch manifest side-channel@^1.1.0
301 silly packumentCache full:https://registry.npmjs.org/side-channel cache-miss
302 http fetch GET 200 https://registry.npmjs.org/inherits 54ms (cache miss)
303 silly packumentCache full:https://registry.npmjs.org/inherits set size:undefined disposed:false
304 silly fetch manifest ms@2.1.3
305 silly packumentCache full:https://registry.npmjs.org/ms cache-miss
306 http cache https://registry.npmjs.org/ms 1ms (cache hit)
307 silly packumentCache full:https://registry.npmjs.org/ms set size:92208 disposed:false
308 silly fetch manifest mime@1.6.0
309 silly packumentCache full:https://registry.npmjs.org/mime cache-miss
310 http fetch GET 200 https://registry.npmjs.org/ee-first 66ms (cache miss)
311 silly packumentCache full:https://registry.npmjs.org/ee-first set size:undefined disposed:false
312 silly fetch manifest destroy@1.2.0
313 silly packumentCache full:https://registry.npmjs.org/destroy cache-miss
314 http cache https://registry.npmjs.org/destroy 1ms (cache hit)
315 silly packumentCache full:https://registry.npmjs.org/destroy set size:15738 disposed:false
316 silly fetch manifest mime-types@~2.1.24
317 silly packumentCache full:https://registry.npmjs.org/mime-types cache-miss
318 http fetch GET 200 https://registry.npmjs.org/toidentifier 70ms (cache miss)
319 silly packumentCache full:https://registry.npmjs.org/toidentifier set size:undefined disposed:false
320 silly fetch manifest media-typer@0.3.0
321 silly packumentCache full:https://registry.npmjs.org/media-typer cache-miss
322 http fetch GET 200 https://registry.npmjs.org/forwarded 73ms (cache miss)
323 silly packumentCache full:https://registry.npmjs.org/forwarded set size:undefined disposed:false
324 http fetch GET 200 https://registry.npmjs.org/side-channel 58ms (cache miss)
325 silly packumentCache full:https://registry.npmjs.org/side-channel set size:undefined disposed:false
326 http fetch GET 200 https://registry.npmjs.org/ipaddr.js 60ms (cache miss)
327 silly packumentCache full:https://registry.npmjs.org/ipaddr.js set size:undefined disposed:false
328 http fetch GET 200 https://registry.npmjs.org/mime 72ms (cache miss)
329 silly packumentCache full:https://registry.npmjs.org/mime set size:undefined disposed:false
330 http fetch GET 200 https://registry.npmjs.org/media-typer 69ms (cache miss)
331 silly packumentCache full:https://registry.npmjs.org/media-typer set size:undefined disposed:false
332 http fetch GET 200 https://registry.npmjs.org/mime-types 78ms (cache miss)
333 silly packumentCache full:https://registry.npmjs.org/mime-types set size:undefined disposed:false
334 http fetch GET 200 https://registry.npmjs.org/mime-types 305ms (cache miss)
335 silly packumentCache full:https://registry.npmjs.org/mime-types set size:undefined disposed:false
336 silly placeDep ROOT mime-types@2.1.35 OK for: accepts@1.3.8 want: ~2.1.34
337 silly placeDep ROOT negotiator@0.6.3 OK for: accepts@1.3.8 want: 0.6.3
338 silly fetch manifest mime-db@1.52.0
339 silly packumentCache full:https://registry.npmjs.org/mime-db cache-miss
340 http fetch GET 200 https://registry.npmjs.org/mime-db 408ms (cache miss)
341 silly packumentCache full:https://registry.npmjs.org/mime-db set size:undefined disposed:false
342 silly placeDep ROOT bytes@3.1.2 OK for: body-parser@1.20.5 want: ~3.1.2
343 silly placeDep ROOT destroy@1.2.0 OK for: body-parser@1.20.5 want: ~1.2.0
344 silly placeDep ROOT iconv-lite@0.4.24 OK for: body-parser@1.20.5 want: ~0.4.24
345 silly placeDep node_modules/body-parser qs@6.15.1 OK for: body-parser@1.20.5 want: ~6.15.1
346 silly placeDep ROOT raw-body@2.5.3 OK for: body-parser@1.20.5 want: ~2.5.3
347 silly placeDep ROOT unpipe@1.0.0 OK for: body-parser@1.20.5 want: ~1.0.0
348 silly fetch manifest safer-buffer@>= 2.1.2 < 3
349 silly packumentCache full:https://registry.npmjs.org/safer-buffer cache-miss
350 http fetch GET 200 https://registry.npmjs.org/safer-buffer 65ms (cache miss)
351 silly packumentCache full:https://registry.npmjs.org/safer-buffer set size:undefined disposed:false
352 silly placeDep ROOT ms@2.0.0 OK for: debug@2.6.9 want: 2.0.0
353 silly placeDep ROOT inherits@2.0.4 OK for: http-errors@2.0.1 want: ~2.0.4
354 silly placeDep ROOT toidentifier@1.0.1 OK for: http-errors@2.0.1 want: ~1.0.1
355 silly placeDep ROOT safer-buffer@2.1.2 OK for: iconv-lite@0.4.24 want: >= 2.1.2 < 3
356 silly placeDep ROOT mime-db@1.52.0 OK for: mime-types@2.1.35 want: 1.52.0
357 silly placeDep ROOT chokidar@3.6.0 OK for: nodemon@3.1.14 want: ^3.5.2
358 silly placeDep node_modules/nodemon debug@4.4.3 OK for: nodemon@3.1.14 want: ^4
359 silly placeDep ROOT ignore-by-default@1.0.1 OK for: nodemon@3.1.14 want: ^1.0.1
360 silly placeDep ROOT minimatch@10.2.5 OK for: nodemon@3.1.14 want: ^10.2.1
361 silly placeDep ROOT pstree.remy@1.1.8 OK for: nodemon@3.1.14 want: ^1.1.8
362 silly placeDep ROOT semver@7.7.4 OK for: nodemon@3.1.14 want: ^7.5.3
363 silly placeDep ROOT simple-update-notifier@2.0.0 OK for: nodemon@3.1.14 want: ^2.0.0
364 silly placeDep ROOT supports-color@5.5.0 OK for: nodemon@3.1.14 want: ^5.5.0
365 silly placeDep ROOT touch@3.1.1 OK for: nodemon@3.1.14 want: ^3.1.0
366 silly placeDep ROOT undefsafe@2.0.5 OK for: nodemon@3.1.14 want: ^2.0.5
367 silly fetch manifest braces@~3.0.2
368 silly packumentCache full:https://registry.npmjs.org/braces cache-miss
369 silly fetch manifest is-glob@~4.0.1
370 silly packumentCache full:https://registry.npmjs.org/is-glob cache-miss
371 silly fetch manifest anymatch@~3.1.2
372 silly packumentCache full:https://registry.npmjs.org/anymatch cache-miss
373 silly fetch manifest readdirp@~3.6.0
374 silly packumentCache full:https://registry.npmjs.org/readdirp cache-miss
375 silly fetch manifest glob-parent@~5.1.2
376 silly packumentCache full:https://registry.npmjs.org/glob-parent cache-miss
377 silly fetch manifest is-binary-path@~2.1.0
378 silly packumentCache full:https://registry.npmjs.org/is-binary-path cache-miss
379 silly fetch manifest normalize-path@~3.0.0
380 silly packumentCache full:https://registry.npmjs.org/normalize-path cache-miss
381 http fetch GET 200 https://registry.npmjs.org/glob-parent 57ms (cache miss)
382 silly packumentCache full:https://registry.npmjs.org/glob-parent set size:undefined disposed:false
383 silly fetch manifest fsevents@~2.3.2
384 silly packumentCache full:https://registry.npmjs.org/fsevents cache-miss
385 http fetch GET 200 https://registry.npmjs.org/normalize-path 66ms (cache miss)
386 silly packumentCache full:https://registry.npmjs.org/normalize-path set size:undefined disposed:false
387 silly fetch manifest ms@^2.1.3
388 silly packumentCache full:https://registry.npmjs.org/ms cache-hit
389 silly fetch manifest brace-expansion@^5.0.5
390 silly packumentCache full:https://registry.npmjs.org/brace-expansion cache-miss
391 http fetch GET 200 https://registry.npmjs.org/is-glob 70ms (cache miss)
392 silly packumentCache full:https://registry.npmjs.org/is-glob set size:undefined disposed:false
393 silly fetch manifest has-flag@^3.0.0
394 silly packumentCache full:https://registry.npmjs.org/has-flag cache-miss
395 http fetch GET 200 https://registry.npmjs.org/braces 71ms (cache miss)
396 silly packumentCache full:https://registry.npmjs.org/braces set size:undefined disposed:false
397 http fetch GET 200 https://registry.npmjs.org/anymatch 79ms (cache miss)
398 silly packumentCache full:https://registry.npmjs.org/anymatch set size:undefined disposed:false
399 http fetch GET 200 https://registry.npmjs.org/readdirp 81ms (cache miss)
400 silly packumentCache full:https://registry.npmjs.org/readdirp set size:undefined disposed:false
401 http fetch GET 200 https://registry.npmjs.org/is-binary-path 82ms (cache miss)
402 silly packumentCache full:https://registry.npmjs.org/is-binary-path set size:undefined disposed:false
403 http fetch GET 200 https://registry.npmjs.org/fsevents 65ms (cache miss)
404 silly packumentCache full:https://registry.npmjs.org/fsevents set size:undefined disposed:false
405 http fetch GET 200 https://registry.npmjs.org/brace-expansion 59ms (cache miss)
406 silly packumentCache full:https://registry.npmjs.org/brace-expansion set size:undefined disposed:false
407 http fetch GET 200 https://registry.npmjs.org/has-flag 59ms (cache miss)
408 silly packumentCache full:https://registry.npmjs.org/has-flag set size:undefined disposed:false
409 silly placeDep ROOT anymatch@3.1.3 OK for: chokidar@3.6.0 want: ~3.1.2
410 silly placeDep ROOT braces@3.0.3 OK for: chokidar@3.6.0 want: ~3.0.2
411 silly placeDep ROOT fsevents@2.3.3 OK for: chokidar@3.6.0 want: ~2.3.2
412 silly placeDep ROOT glob-parent@5.1.2 OK for: chokidar@3.6.0 want: ~5.1.2
413 silly placeDep ROOT is-binary-path@2.1.0 OK for: chokidar@3.6.0 want: ~2.1.0
414 silly placeDep ROOT is-glob@4.0.3 OK for: chokidar@3.6.0 want: ~4.0.1
415 silly placeDep ROOT normalize-path@3.0.0 OK for: chokidar@3.6.0 want: ~3.0.0
416 silly placeDep ROOT readdirp@3.6.0 OK for: chokidar@3.6.0 want: ~3.6.0
417 silly fetch manifest picomatch@^2.0.4
418 silly packumentCache full:https://registry.npmjs.org/picomatch cache-miss
419 silly fetch manifest normalize-path@^3.0.0
420 silly packumentCache full:https://registry.npmjs.org/normalize-path cache-miss
421 silly fetch manifest fill-range@^7.1.1
422 silly packumentCache full:https://registry.npmjs.org/fill-range cache-miss
423 silly fetch manifest is-glob@^4.0.1
424 silly packumentCache full:https://registry.npmjs.org/is-glob cache-miss
425 silly fetch manifest binary-extensions@^2.0.0
426 silly packumentCache full:https://registry.npmjs.org/binary-extensions cache-miss
427 silly fetch manifest is-extglob@^2.1.1
428 silly packumentCache full:https://registry.npmjs.org/is-extglob cache-miss
429 silly fetch manifest picomatch@^2.2.1
430 silly packumentCache full:https://registry.npmjs.org/picomatch cache-miss
431 http cache https://registry.npmjs.org/normalize-path 4ms (cache hit)
432 silly packumentCache full:https://registry.npmjs.org/normalize-path set size:28713 disposed:false
433 http cache https://registry.npmjs.org/is-glob 5ms (cache hit)
434 silly packumentCache full:https://registry.npmjs.org/is-glob set size:40530 disposed:false
435 http fetch GET 200 https://registry.npmjs.org/picomatch 70ms (cache miss)
436 silly packumentCache full:https://registry.npmjs.org/picomatch set size:undefined disposed:false
437 http fetch GET 200 https://registry.npmjs.org/picomatch 73ms (cache miss)
438 silly packumentCache full:https://registry.npmjs.org/picomatch set size:undefined disposed:false
439 http fetch GET 200 https://registry.npmjs.org/fill-range 82ms (cache miss)
440 silly packumentCache full:https://registry.npmjs.org/fill-range set size:undefined disposed:false
441 http fetch GET 200 https://registry.npmjs.org/is-extglob 85ms (cache miss)
442 silly packumentCache full:https://registry.npmjs.org/is-extglob set size:undefined disposed:false
443 http fetch GET 200 https://registry.npmjs.org/binary-extensions 87ms (cache miss)
444 silly packumentCache full:https://registry.npmjs.org/binary-extensions set size:undefined disposed:false
445 silly placeDep ROOT picomatch@2.3.2 OK for: anymatch@3.1.3 want: ^2.0.4
446 silly placeDep ROOT fill-range@7.1.1 OK for: braces@3.0.3 want: ^7.1.1
447 silly fetch manifest to-regex-range@^5.0.1
448 silly packumentCache full:https://registry.npmjs.org/to-regex-range cache-miss
449 http fetch GET 200 https://registry.npmjs.org/to-regex-range 80ms (cache miss)
450 silly packumentCache full:https://registry.npmjs.org/to-regex-range set size:undefined disposed:false
451 silly placeDep ROOT to-regex-range@5.0.1 OK for: fill-range@7.1.1 want: ^5.0.1
452 silly fetch manifest is-number@^7.0.0
453 silly packumentCache full:https://registry.npmjs.org/is-number cache-miss
454 http fetch GET 200 https://registry.npmjs.org/is-number 56ms (cache miss)
455 silly packumentCache full:https://registry.npmjs.org/is-number set size:undefined disposed:false
456 silly placeDep ROOT binary-extensions@2.3.0 OK for: is-binary-path@2.1.0 want: ^2.0.0
457 silly placeDep ROOT is-extglob@2.1.1 OK for: is-glob@4.0.3 want: ^2.1.1
458 silly placeDep ROOT brace-expansion@5.0.5 OK for: minimatch@10.2.5 want: ^5.0.5
459 silly fetch manifest balanced-match@^4.0.2
460 silly packumentCache full:https://registry.npmjs.org/balanced-match cache-miss
461 http fetch GET 200 https://registry.npmjs.org/balanced-match 48ms (cache miss)
462 silly packumentCache full:https://registry.npmjs.org/balanced-match set size:undefined disposed:false
463 silly placeDep ROOT balanced-match@4.0.4 OK for: brace-expansion@5.0.5 want: ^4.0.2
464 silly placeDep ROOT ee-first@1.1.1 OK for: on-finished@2.4.1 want: 1.1.1
465 silly placeDep ROOT forwarded@0.2.0 OK for: proxy-addr@2.0.7 want: 0.2.0
466 silly placeDep ROOT ipaddr.js@1.9.1 OK for: proxy-addr@2.0.7 want: 1.9.1
467 silly placeDep ROOT side-channel@1.1.0 OK for: qs@6.14.2 want: ^1.1.0
468 silly fetch manifest es-errors@^1.3.0
469 silly packumentCache full:https://registry.npmjs.org/es-errors cache-miss
470 silly fetch manifest object-inspect@^1.13.3
471 silly packumentCache full:https://registry.npmjs.org/object-inspect cache-miss
472 silly fetch manifest side-channel-list@^1.0.0
473 silly packumentCache full:https://registry.npmjs.org/side-channel-list cache-miss
474 silly fetch manifest side-channel-map@^1.0.1
475 silly packumentCache full:https://registry.npmjs.org/side-channel-map cache-miss
476 silly fetch manifest side-channel-weakmap@^1.0.2
477 silly packumentCache full:https://registry.npmjs.org/side-channel-weakmap cache-miss
478 http fetch GET 200 https://registry.npmjs.org/es-errors 51ms (cache miss)
479 silly packumentCache full:https://registry.npmjs.org/es-errors set size:undefined disposed:false
480 http fetch GET 200 https://registry.npmjs.org/side-channel-weakmap 60ms (cache miss)
481 silly packumentCache full:https://registry.npmjs.org/side-channel-weakmap set size:undefined disposed:false
482 http fetch GET 200 https://registry.npmjs.org/side-channel-list 68ms (cache miss)
483 silly packumentCache full:https://registry.npmjs.org/side-channel-list set size:undefined disposed:false
484 http fetch GET 200 https://registry.npmjs.org/object-inspect 74ms (cache miss)
485 silly packumentCache full:https://registry.npmjs.org/object-inspect set size:undefined disposed:false
486 http fetch GET 200 https://registry.npmjs.org/side-channel-map 76ms (cache miss)
487 silly packumentCache full:https://registry.npmjs.org/side-channel-map set size:undefined disposed:false
488 silly placeDep ROOT mime@1.6.0 OK for: send@0.19.2 want: 1.6.0
489 silly placeDep node_modules/send ms@2.1.3 OK for: send@0.19.2 want: 2.1.3
490 silly placeDep ROOT es-errors@1.3.0 OK for: side-channel@1.1.0 want: ^1.3.0
491 silly placeDep ROOT object-inspect@1.13.4 OK for: side-channel@1.1.0 want: ^1.13.3
492 silly placeDep ROOT side-channel-list@1.0.1 OK for: side-channel@1.1.0 want: ^1.0.0
493 silly placeDep ROOT side-channel-map@1.0.1 OK for: side-channel@1.1.0 want: ^1.0.1
494 silly placeDep ROOT side-channel-weakmap@1.0.2 OK for: side-channel@1.1.0 want: ^1.0.2
495 silly fetch manifest call-bound@^1.0.2
496 silly packumentCache full:https://registry.npmjs.org/call-bound cache-miss
497 silly fetch manifest get-intrinsic@^1.2.5
498 silly packumentCache full:https://registry.npmjs.org/get-intrinsic cache-miss
499 silly fetch manifest call-bound@^1.0.2
500 silly packumentCache full:https://registry.npmjs.org/call-bound cache-miss
501 silly fetch manifest get-intrinsic@^1.2.5
502 silly packumentCache full:https://registry.npmjs.org/get-intrinsic cache-miss
503 http fetch GET 200 https://registry.npmjs.org/call-bound 52ms (cache miss)
504 silly packumentCache full:https://registry.npmjs.org/call-bound set size:undefined disposed:false
505 http fetch GET 200 https://registry.npmjs.org/get-intrinsic 54ms (cache miss)
506 silly packumentCache full:https://registry.npmjs.org/get-intrinsic set size:undefined disposed:false
507 http fetch GET 200 https://registry.npmjs.org/call-bound 61ms (cache miss)
508 silly packumentCache full:https://registry.npmjs.org/call-bound set size:undefined disposed:false
509 http fetch GET 200 https://registry.npmjs.org/get-intrinsic 62ms (cache miss)
510 silly packumentCache full:https://registry.npmjs.org/get-intrinsic set size:undefined disposed:false
511 silly placeDep ROOT call-bound@1.0.4 OK for: side-channel-map@1.0.1 want: ^1.0.2
512 silly placeDep ROOT get-intrinsic@1.3.0 OK for: side-channel-map@1.0.1 want: ^1.2.5
513 silly fetch manifest call-bind-apply-helpers@^1.0.2
514 silly packumentCache full:https://registry.npmjs.org/call-bind-apply-helpers cache-miss
515 silly fetch manifest get-intrinsic@^1.3.0
516 silly packumentCache full:https://registry.npmjs.org/get-intrinsic cache-miss
517 silly fetch manifest gopd@^1.2.0
518 silly packumentCache full:https://registry.npmjs.org/gopd cache-miss
519 silly fetch manifest hasown@^2.0.2
520 silly packumentCache full:https://registry.npmjs.org/hasown cache-miss
521 silly fetch manifest get-proto@^1.0.1
522 silly packumentCache full:https://registry.npmjs.org/get-proto cache-miss
523 silly fetch manifest has-symbols@^1.1.0
524 silly packumentCache full:https://registry.npmjs.org/has-symbols cache-miss
525 silly fetch manifest function-bind@^1.1.2
526 silly packumentCache full:https://registry.npmjs.org/function-bind cache-miss
527 http cache https://registry.npmjs.org/get-intrinsic 3ms (cache hit)
528 silly packumentCache full:https://registry.npmjs.org/get-intrinsic set size:60985 disposed:false
529 silly fetch manifest es-object-atoms@^1.1.1
530 silly packumentCache full:https://registry.npmjs.org/es-object-atoms cache-miss
531 http fetch GET 200 https://registry.npmjs.org/get-proto 49ms (cache miss)
532 silly packumentCache full:https://registry.npmjs.org/get-proto set size:undefined disposed:false
533 silly fetch manifest math-intrinsics@^1.1.0
534 silly packumentCache full:https://registry.npmjs.org/math-intrinsics cache-miss
535 http fetch GET 200 https://registry.npmjs.org/es-object-atoms 52ms (cache miss)
536 silly packumentCache full:https://registry.npmjs.org/es-object-atoms set size:undefined disposed:false
537 silly fetch manifest es-define-property@^1.0.1
538 silly packumentCache full:https://registry.npmjs.org/es-define-property cache-miss
539 http fetch GET 200 https://registry.npmjs.org/has-symbols 57ms (cache miss)
540 silly packumentCache full:https://registry.npmjs.org/has-symbols set size:undefined disposed:false
541 silly fetch manifest call-bind-apply-helpers@^1.0.2
542 silly packumentCache full:https://registry.npmjs.org/call-bind-apply-helpers cache-miss
543 http fetch GET 200 https://registry.npmjs.org/function-bind 60ms (cache miss)
544 silly packumentCache full:https://registry.npmjs.org/function-bind set size:undefined disposed:false
545 http fetch GET 200 https://registry.npmjs.org/gopd 69ms (cache miss)
546 silly packumentCache full:https://registry.npmjs.org/gopd set size:undefined disposed:false
547 http fetch GET 200 https://registry.npmjs.org/call-bind-apply-helpers 71ms (cache miss)
548 silly packumentCache full:https://registry.npmjs.org/call-bind-apply-helpers set size:undefined disposed:false
549 http fetch GET 200 https://registry.npmjs.org/hasown 75ms (cache miss)
550 silly packumentCache full:https://registry.npmjs.org/hasown set size:undefined disposed:false
551 http fetch GET 200 https://registry.npmjs.org/math-intrinsics 48ms (cache miss)
552 silly packumentCache full:https://registry.npmjs.org/math-intrinsics set size:undefined disposed:false
553 http fetch GET 200 https://registry.npmjs.org/es-define-property 48ms (cache miss)
554 silly packumentCache full:https://registry.npmjs.org/es-define-property set size:undefined disposed:false
555 http fetch GET 200 https://registry.npmjs.org/call-bind-apply-helpers 53ms (cache miss)
556 silly packumentCache full:https://registry.npmjs.org/call-bind-apply-helpers set size:undefined disposed:false
557 silly placeDep ROOT call-bind-apply-helpers@1.0.2 OK for: call-bound@1.0.4 want: ^1.0.2
558 silly placeDep ROOT function-bind@1.1.2 OK for: call-bind-apply-helpers@1.0.2 want: ^1.1.2
559 silly placeDep ROOT es-define-property@1.0.1 OK for: get-intrinsic@1.3.0 want: ^1.0.1
560 silly placeDep ROOT es-object-atoms@1.1.1 OK for: get-intrinsic@1.3.0 want: ^1.1.1
561 silly placeDep ROOT get-proto@1.0.1 OK for: get-intrinsic@1.3.0 want: ^1.0.1
562 silly placeDep ROOT gopd@1.2.0 OK for: get-intrinsic@1.3.0 want: ^1.2.0
563 silly placeDep ROOT has-symbols@1.1.0 OK for: get-intrinsic@1.3.0 want: ^1.1.0
564 silly placeDep ROOT hasown@2.0.3 OK for: get-intrinsic@1.3.0 want: ^2.0.2
565 silly placeDep ROOT math-intrinsics@1.1.0 OK for: get-intrinsic@1.3.0 want: ^1.1.0
566 silly fetch manifest dunder-proto@^1.0.1
567 silly packumentCache full:https://registry.npmjs.org/dunder-proto cache-miss
568 http fetch GET 200 https://registry.npmjs.org/dunder-proto 56ms (cache miss)
569 silly packumentCache full:https://registry.npmjs.org/dunder-proto set size:undefined disposed:false
570 silly placeDep ROOT dunder-proto@1.0.1 OK for: get-proto@1.0.1 want: ^1.0.1
571 silly placeDep ROOT @types/node@25.6.0 OK for: stripe@14.25.0 want: >=8.1.0
572 silly fetch manifest undici-types@~7.19.0
573 silly packumentCache full:https://registry.npmjs.org/undici-types cache-miss
574 http fetch GET 200 https://registry.npmjs.org/undici-types 86ms (cache miss)
575 silly packumentCache full:https://registry.npmjs.org/undici-types set size:undefined disposed:false
576 silly placeDep ROOT undici-types@7.19.2 OK for: @types/node@25.6.0 want: ~7.19.0
577 silly placeDep ROOT has-flag@3.0.0 OK for: supports-color@5.5.0 want: ^3.0.0
578 silly placeDep ROOT is-number@7.0.0 OK for: to-regex-range@5.0.1 want: ^7.0.0
579 silly placeDep ROOT media-typer@0.3.0 OK for: type-is@1.6.18 want: 0.3.0
580 silly placeDep node_modules/nodemon ms@2.1.3 OK for: debug@4.4.3 want: ^2.1.3
581 silly reify moves {}
582 silly audit bulk request {
582 silly audit   dotenv: [ '16.6.1' ],
582 silly audit   express: [ '4.22.1' ],
582 silly audit   nodemon: [ '3.1.14' ],
582 silly audit   stripe: [ '14.25.0' ],
582 silly audit   accepts: [ '1.3.8' ],
582 silly audit   'array-flatten': [ '1.1.1' ],
582 silly audit   'body-parser': [ '1.20.5' ],
582 silly audit   'content-disposition': [ '0.5.4' ],
582 silly audit   'content-type': [ '1.0.5' ],
582 silly audit   cookie: [ '0.7.2' ],
582 silly audit   'cookie-signature': [ '1.0.7' ],
582 silly audit   debug: [ '2.6.9', '4.4.3' ],
582 silly audit   depd: [ '2.0.0' ],
582 silly audit   encodeurl: [ '2.0.0' ],
582 silly audit   'escape-html': [ '1.0.3' ],
582 silly audit   etag: [ '1.8.1' ],
582 silly audit   finalhandler: [ '1.3.2' ],
582 silly audit   fresh: [ '0.5.2' ],
582 silly audit   'http-errors': [ '2.0.1' ],
582 silly audit   'merge-descriptors': [ '1.0.3' ],
582 silly audit   methods: [ '1.1.2' ],
582 silly audit   'on-finished': [ '2.4.1' ],
582 silly audit   parseurl: [ '1.3.3' ],
582 silly audit   'path-to-regexp': [ '0.1.13' ],
582 silly audit   'proxy-addr': [ '2.0.7' ],
582 silly audit   qs: [ '6.14.2', '6.15.1' ],
582 silly audit   'range-parser': [ '1.2.1' ],
582 silly audit   'safe-buffer': [ '5.2.1' ],
582 silly audit   send: [ '0.19.2' ],
582 silly audit   'serve-static': [ '1.16.3' ],
582 silly audit   setprototypeof: [ '1.2.0' ],
582 silly audit   statuses: [ '2.0.2' ],
582 silly audit   'type-is': [ '1.6.18' ],
582 silly audit   'utils-merge': [ '1.0.1' ],
582 silly audit   vary: [ '1.1.2' ],
582 silly audit   'mime-types': [ '2.1.35' ],
582 silly audit   negotiator: [ '0.6.3' ],
582 silly audit   bytes: [ '3.1.2' ],
582 silly audit   destroy: [ '1.2.0' ],
582 silly audit   'iconv-lite': [ '0.4.24' ],
582 silly audit   'raw-body': [ '2.5.3' ],
582 silly audit   unpipe: [ '1.0.0' ],
582 silly audit   ms: [ '2.0.0', '2.1.3' ],
582 silly audit   inherits: [ '2.0.4' ],
582 silly audit   toidentifier: [ '1.0.1' ],
582 silly audit   'safer-buffer': [ '2.1.2' ],
582 silly audit   'mime-db': [ '1.52.0' ],
582 silly audit   chokidar: [ '3.6.0' ],
582 silly audit   'ignore-by-default': [ '1.0.1' ],
582 silly audit   minimatch: [ '10.2.5' ],
582 silly audit   'pstree.remy': [ '1.1.8' ],
582 silly audit   semver: [ '7.7.4' ],
582 silly audit   'simple-update-notifier': [ '2.0.0' ],
582 silly audit   'supports-color': [ '5.5.0' ],
582 silly audit   touch: [ '3.1.1' ],
582 silly audit   undefsafe: [ '2.0.5' ],
582 silly audit   anymatch: [ '3.1.3' ],
582 silly audit   braces: [ '3.0.3' ],
582 silly audit   fsevents: [ '2.3.3' ],
582 silly audit   'glob-parent': [ '5.1.2' ],
582 silly audit   'is-binary-path': [ '2.1.0' ],
582 silly audit   'is-glob': [ '4.0.3' ],
582 silly audit   'normalize-path': [ '3.0.0' ],
582 silly audit   readdirp: [ '3.6.0' ],
582 silly audit   picomatch: [ '2.3.2' ],
582 silly audit   'fill-range': [ '7.1.1' ],
582 silly audit   'to-regex-range': [ '5.0.1' ],
582 silly audit   'binary-extensions': [ '2.3.0' ],
582 silly audit   'is-extglob': [ '2.1.1' ],
582 silly audit   'brace-expansion': [ '5.0.5' ],
582 silly audit   'balanced-match': [ '4.0.4' ],
582 silly audit   'ee-first': [ '1.1.1' ],
582 silly audit   forwarded: [ '0.2.0' ],
582 silly audit   'ipaddr.js': [ '1.9.1' ],
582 silly audit   'side-channel': [ '1.1.0' ],
582 silly audit   mime: [ '1.6.0' ],
582 silly audit   'es-errors': [ '1.3.0' ],
582 silly audit   'object-inspect': [ '1.13.4' ],
582 silly audit   'side-channel-list': [ '1.0.1' ],
582 silly audit   'side-channel-map': [ '1.0.1' ],
582 silly audit   'side-channel-weakmap': [ '1.0.2' ],
582 silly audit   'call-bound': [ '1.0.4' ],
582 silly audit   'get-intrinsic': [ '1.3.0' ],
582 silly audit   'call-bind-apply-helpers': [ '1.0.2' ],
582 silly audit   'function-bind': [ '1.1.2' ],
582 silly audit   'es-define-property': [ '1.0.1' ],
582 silly audit   'es-object-atoms': [ '1.1.1' ],
582 silly audit   'get-proto': [ '1.0.1' ],
582 silly audit   gopd: [ '1.2.0' ],
582 silly audit   'has-symbols': [ '1.1.0' ],
582 silly audit   hasown: [ '2.0.3' ],
582 silly audit   'math-intrinsics': [ '1.1.0' ],
582 silly audit   'dunder-proto': [ '1.0.1' ],
582 silly audit   '@types/node': [ '25.6.0' ],
582 silly audit   'undici-types': [ '7.19.2' ],
582 silly audit   'has-flag': [ '3.0.0' ],
582 silly audit   'is-number': [ '7.0.0' ],
582 silly audit   'media-typer': [ '0.3.0' ]
582 silly audit }
583 http cache media-typer@https://registry.npmjs.org/media-typer/-/media-typer-0.3.0.tgz 0ms (cache hit)
584 http cache is-number@https://registry.npmjs.org/is-number/-/is-number-7.0.0.tgz 0ms (cache hit)
585 http cache undici-types@https://registry.npmjs.org/undici-types/-/undici-types-7.19.2.tgz 0ms (cache hit)
586 http cache @types/node@https://registry.npmjs.org/@types/node/-/node-25.6.0.tgz 0ms (cache hit)
587 http cache has-flag@https://registry.npmjs.org/has-flag/-/has-flag-3.0.0.tgz 0ms (cache hit)
588 http cache dunder-proto@https://registry.npmjs.org/dunder-proto/-/dunder-proto-1.0.1.tgz 0ms (cache hit)
589 http cache math-intrinsics@https://registry.npmjs.org/math-intrinsics/-/math-intrinsics-1.1.0.tgz 0ms (cache hit)
590 http cache has-symbols@https://registry.npmjs.org/has-symbols/-/has-symbols-1.1.0.tgz 0ms (cache hit)
591 http cache hasown@https://registry.npmjs.org/hasown/-/hasown-2.0.3.tgz 0ms (cache hit)
592 http cache gopd@https://registry.npmjs.org/gopd/-/gopd-1.2.0.tgz 0ms (cache hit)
593 http cache es-object-atoms@https://registry.npmjs.org/es-object-atoms/-/es-object-atoms-1.1.1.tgz 0ms (cache hit)
594 http cache es-define-property@https://registry.npmjs.org/es-define-property/-/es-define-property-1.0.1.tgz 0ms (cache hit)
595 http cache function-bind@https://registry.npmjs.org/function-bind/-/function-bind-1.1.2.tgz 0ms (cache hit)
596 http cache get-proto@https://registry.npmjs.org/get-proto/-/get-proto-1.0.1.tgz 0ms (cache hit)
597 http cache side-channel-weakmap@https://registry.npmjs.org/side-channel-weakmap/-/side-channel-weakmap-1.0.2.tgz 0ms (cache hit)
598 http cache call-bound@https://registry.npmjs.org/call-bound/-/call-bound-1.0.4.tgz 0ms (cache hit)
599 http cache side-channel-map@https://registry.npmjs.org/side-channel-map/-/side-channel-map-1.0.1.tgz 0ms (cache hit)
600 http cache side-channel-list@https://registry.npmjs.org/side-channel-list/-/side-channel-list-1.0.1.tgz 0ms (cache hit)
601 http cache get-intrinsic@https://registry.npmjs.org/get-intrinsic/-/get-intrinsic-1.3.0.tgz 0ms (cache hit)
602 http cache es-errors@https://registry.npmjs.org/es-errors/-/es-errors-1.3.0.tgz 0ms (cache hit)
603 http cache object-inspect@https://registry.npmjs.org/object-inspect/-/object-inspect-1.13.4.tgz 0ms (cache hit)
604 http cache mime@https://registry.npmjs.org/mime/-/mime-1.6.0.tgz 0ms (cache hit)
605 http cache call-bind-apply-helpers@https://registry.npmjs.org/call-bind-apply-helpers/-/call-bind-apply-helpers-1.0.2.tgz 0ms (cache hit)
606 http cache side-channel@https://registry.npmjs.org/side-channel/-/side-channel-1.1.0.tgz 0ms (cache hit)
607 http cache ee-first@https://registry.npmjs.org/ee-first/-/ee-first-1.1.1.tgz 0ms (cache hit)
608 http cache forwarded@https://registry.npmjs.org/forwarded/-/forwarded-0.2.0.tgz 0ms (cache hit)
609 http cache ipaddr.js@https://registry.npmjs.org/ipaddr.js/-/ipaddr.js-1.9.1.tgz 0ms (cache hit)
610 http cache balanced-match@https://registry.npmjs.org/balanced-match/-/balanced-match-4.0.4.tgz 0ms (cache hit)
611 http cache brace-expansion@https://registry.npmjs.org/brace-expansion/-/brace-expansion-5.0.5.tgz 0ms (cache hit)
612 http cache is-extglob@https://registry.npmjs.org/is-extglob/-/is-extglob-2.1.1.tgz 0ms (cache hit)
613 http cache to-regex-range@https://registry.npmjs.org/to-regex-range/-/to-regex-range-5.0.1.tgz 0ms (cache hit)
614 http cache fill-range@https://registry.npmjs.org/fill-range/-/fill-range-7.1.1.tgz 0ms (cache hit)
615 http cache binary-extensions@https://registry.npmjs.org/binary-extensions/-/binary-extensions-2.3.0.tgz 0ms (cache hit)
616 http cache readdirp@https://registry.npmjs.org/readdirp/-/readdirp-3.6.0.tgz 0ms (cache hit)
617 http cache picomatch@https://registry.npmjs.org/picomatch/-/picomatch-2.3.2.tgz 0ms (cache hit)
618 http cache normalize-path@https://registry.npmjs.org/normalize-path/-/normalize-path-3.0.0.tgz 0ms (cache hit)
619 http cache is-glob@https://registry.npmjs.org/is-glob/-/is-glob-4.0.3.tgz 0ms (cache hit)
620 http cache is-binary-path@https://registry.npmjs.org/is-binary-path/-/is-binary-path-2.1.0.tgz 0ms (cache hit)
621 http cache glob-parent@https://registry.npmjs.org/glob-parent/-/glob-parent-5.1.2.tgz 0ms (cache hit)
622 http cache fsevents@https://registry.npmjs.org/fsevents/-/fsevents-2.3.3.tgz 0ms (cache hit)
623 http cache braces@https://registry.npmjs.org/braces/-/braces-3.0.3.tgz 0ms (cache hit)
624 http cache undefsafe@https://registry.npmjs.org/undefsafe/-/undefsafe-2.0.5.tgz 0ms (cache hit)
625 http cache touch@https://registry.npmjs.org/touch/-/touch-3.1.1.tgz 0ms (cache hit)
626 http cache supports-color@https://registry.npmjs.org/supports-color/-/supports-color-5.5.0.tgz 0ms (cache hit)
627 http cache anymatch@https://registry.npmjs.org/anymatch/-/anymatch-3.1.3.tgz 0ms (cache hit)
628 http cache simple-update-notifier@https://registry.npmjs.org/simple-update-notifier/-/simple-update-notifier-2.0.0.tgz 0ms (cache hit)
629 http cache pstree.remy@https://registry.npmjs.org/pstree.remy/-/pstree.remy-1.1.8.tgz 0ms (cache hit)
630 http cache minimatch@https://registry.npmjs.org/minimatch/-/minimatch-10.2.5.tgz 0ms (cache hit)
631 http cache semver@https://registry.npmjs.org/semver/-/semver-7.7.4.tgz 0ms (cache hit)
632 http cache ignore-by-default@https://registry.npmjs.org/ignore-by-default/-/ignore-by-default-1.0.1.tgz 0ms (cache hit)
633 http cache chokidar@https://registry.npmjs.org/chokidar/-/chokidar-3.6.0.tgz 0ms (cache hit)
634 http cache safer-buffer@https://registry.npmjs.org/safer-buffer/-/safer-buffer-2.1.2.tgz 0ms (cache hit)
635 http cache mime-db@https://registry.npmjs.org/mime-db/-/mime-db-1.52.0.tgz 0ms (cache hit)
636 http cache toidentifier@https://registry.npmjs.org/toidentifier/-/toidentifier-1.0.1.tgz 0ms (cache hit)
637 http cache inherits@https://registry.npmjs.org/inherits/-/inherits-2.0.4.tgz 0ms (cache hit)
638 http cache ms@https://registry.npmjs.org/ms/-/ms-2.0.0.tgz 0ms (cache hit)
639 http cache unpipe@https://registry.npmjs.org/unpipe/-/unpipe-1.0.0.tgz 0ms (cache hit)
640 http cache iconv-lite@https://registry.npmjs.org/iconv-lite/-/iconv-lite-0.4.24.tgz 0ms (cache hit)
641 http cache destroy@https://registry.npmjs.org/destroy/-/destroy-1.2.0.tgz 0ms (cache hit)
642 http cache bytes@https://registry.npmjs.org/bytes/-/bytes-3.1.2.tgz 0ms (cache hit)
643 http cache negotiator@https://registry.npmjs.org/negotiator/-/negotiator-0.6.3.tgz 0ms (cache hit)
644 http cache mime-types@https://registry.npmjs.org/mime-types/-/mime-types-2.1.35.tgz 0ms (cache hit)
645 http cache raw-body@https://registry.npmjs.org/raw-body/-/raw-body-2.5.3.tgz 0ms (cache hit)
646 http cache utils-merge@https://registry.npmjs.org/utils-merge/-/utils-merge-1.0.1.tgz 0ms (cache hit)
647 http cache type-is@https://registry.npmjs.org/type-is/-/type-is-1.6.18.tgz 0ms (cache hit)
648 http cache vary@https://registry.npmjs.org/vary/-/vary-1.1.2.tgz 0ms (cache hit)
649 http cache setprototypeof@https://registry.npmjs.org/setprototypeof/-/setprototypeof-1.2.0.tgz 1ms (cache hit)
650 http cache statuses@https://registry.npmjs.org/statuses/-/statuses-2.0.2.tgz 0ms (cache hit)
651 http cache safe-buffer@https://registry.npmjs.org/safe-buffer/-/safe-buffer-5.2.1.tgz 0ms (cache hit)
652 http cache serve-static@https://registry.npmjs.org/serve-static/-/serve-static-1.16.3.tgz 0ms (cache hit)
653 http cache qs@https://registry.npmjs.org/qs/-/qs-6.14.2.tgz 0ms (cache hit)
654 http cache send@https://registry.npmjs.org/send/-/send-0.19.2.tgz 0ms (cache hit)
655 http cache path-to-regexp@https://registry.npmjs.org/path-to-regexp/-/path-to-regexp-0.1.13.tgz 0ms (cache hit)
656 http cache parseurl@https://registry.npmjs.org/parseurl/-/parseurl-1.3.3.tgz 0ms (cache hit)
657 http cache range-parser@https://registry.npmjs.org/range-parser/-/range-parser-1.2.1.tgz 0ms (cache hit)
658 http cache on-finished@https://registry.npmjs.org/on-finished/-/on-finished-2.4.1.tgz 0ms (cache hit)
659 http cache methods@https://registry.npmjs.org/methods/-/methods-1.1.2.tgz 0ms (cache hit)
660 http cache merge-descriptors@https://registry.npmjs.org/merge-descriptors/-/merge-descriptors-1.0.3.tgz 0ms (cache hit)
661 http cache http-errors@https://registry.npmjs.org/http-errors/-/http-errors-2.0.1.tgz 0ms (cache hit)
662 http cache fresh@https://registry.npmjs.org/fresh/-/fresh-0.5.2.tgz 0ms (cache hit)
663 http cache finalhandler@https://registry.npmjs.org/finalhandler/-/finalhandler-1.3.2.tgz 0ms (cache hit)
664 http cache escape-html@https://registry.npmjs.org/escape-html/-/escape-html-1.0.3.tgz 0ms (cache hit)
665 http cache proxy-addr@https://registry.npmjs.org/proxy-addr/-/proxy-addr-2.0.7.tgz 0ms (cache hit)
666 http cache etag@https://registry.npmjs.org/etag/-/etag-1.8.1.tgz 0ms (cache hit)
667 http cache depd@https://registry.npmjs.org/depd/-/depd-2.0.0.tgz 0ms (cache hit)
668 http cache cookie-signature@https://registry.npmjs.org/cookie-signature/-/cookie-signature-1.0.7.tgz 0ms (cache hit)
669 http cache cookie@https://registry.npmjs.org/cookie/-/cookie-0.7.2.tgz 0ms (cache hit)
670 http cache content-type@https://registry.npmjs.org/content-type/-/content-type-1.0.5.tgz 0ms (cache hit)
671 http cache content-disposition@https://registry.npmjs.org/content-disposition/-/content-disposition-0.5.4.tgz 0ms (cache hit)
672 http cache body-parser@https://registry.npmjs.org/body-parser/-/body-parser-1.20.5.tgz 0ms (cache hit)
673 http cache array-flatten@https://registry.npmjs.org/array-flatten/-/array-flatten-1.1.1.tgz 0ms (cache hit)
674 http cache accepts@https://registry.npmjs.org/accepts/-/accepts-1.3.8.tgz 0ms (cache hit)
675 http cache stripe@https://registry.npmjs.org/stripe/-/stripe-14.25.0.tgz 0ms (cache hit)
676 http cache nodemon@https://registry.npmjs.org/nodemon/-/nodemon-3.1.14.tgz 0ms (cache hit)
677 http cache express@https://registry.npmjs.org/express/-/express-4.22.1.tgz 0ms (cache hit)
678 http cache ms@https://registry.npmjs.org/ms/-/ms-2.1.3.tgz 0ms (cache hit)
679 http cache dotenv@https://registry.npmjs.org/dotenv/-/dotenv-16.6.1.tgz 0ms (cache hit)
680 http cache qs@https://registry.npmjs.org/qs/-/qs-6.15.1.tgz 0ms (cache hit)
681 http cache ms@https://registry.npmjs.org/ms/-/ms-2.1.3.tgz 0ms (cache hit)
682 http cache debug@https://registry.npmjs.org/debug/-/debug-4.4.3.tgz 1ms (cache hit)
683 http cache encodeurl@https://registry.npmjs.org/encodeurl/-/encodeurl-2.0.0.tgz 0ms (cache hit)
684 http cache debug@https://registry.npmjs.org/debug/-/debug-2.6.9.tgz 0ms (cache hit)
685 silly tarball no local data for media-typer@https://registry.npmjs.org/media-typer/-/media-typer-0.3.0.tgz. Extracting by manifest.
686 silly tarball no local data for is-number@https://registry.npmjs.org/is-number/-/is-number-7.0.0.tgz. Extracting by manifest.
687 silly tarball no local data for undici-types@https://registry.npmjs.org/undici-types/-/undici-types-7.19.2.tgz. Extracting by manifest.
688 silly tarball no local data for @types/node@https://registry.npmjs.org/@types/node/-/node-25.6.0.tgz. Extracting by manifest.
689 silly tarball no local data for has-flag@https://registry.npmjs.org/has-flag/-/has-flag-3.0.0.tgz. Extracting by manifest.
690 silly tarball no local data for dunder-proto@https://registry.npmjs.org/dunder-proto/-/dunder-proto-1.0.1.tgz. Extracting by manifest.
691 silly tarball no local data for math-intrinsics@https://registry.npmjs.org/math-intrinsics/-/math-intrinsics-1.1.0.tgz. Extracting by manifest.
692 silly tarball no local data for has-symbols@https://registry.npmjs.org/has-symbols/-/has-symbols-1.1.0.tgz. Extracting by manifest.
693 silly tarball no local data for hasown@https://registry.npmjs.org/hasown/-/hasown-2.0.3.tgz. Extracting by manifest.
694 silly tarball no local data for gopd@https://registry.npmjs.org/gopd/-/gopd-1.2.0.tgz. Extracting by manifest.
695 silly tarball no local data for es-object-atoms@https://registry.npmjs.org/es-object-atoms/-/es-object-atoms-1.1.1.tgz. Extracting by manifest.
696 silly tarball no local data for es-define-property@https://registry.npmjs.org/es-define-property/-/es-define-property-1.0.1.tgz. Extracting by manifest.
697 silly tarball no local data for function-bind@https://registry.npmjs.org/function-bind/-/function-bind-1.1.2.tgz. Extracting by manifest.
698 silly tarball no local data for get-proto@https://registry.npmjs.org/get-proto/-/get-proto-1.0.1.tgz. Extracting by manifest.
699 silly tarball no local data for side-channel-weakmap@https://registry.npmjs.org/side-channel-weakmap/-/side-channel-weakmap-1.0.2.tgz. Extracting by manifest.
700 silly tarball no local data for call-bound@https://registry.npmjs.org/call-bound/-/call-bound-1.0.4.tgz. Extracting by manifest.
701 silly tarball no local data for side-channel-map@https://registry.npmjs.org/side-channel-map/-/side-channel-map-1.0.1.tgz. Extracting by manifest.
702 silly tarball no local data for side-channel-list@https://registry.npmjs.org/side-channel-list/-/side-channel-list-1.0.1.tgz. Extracting by manifest.
703 silly tarball no local data for get-intrinsic@https://registry.npmjs.org/get-intrinsic/-/get-intrinsic-1.3.0.tgz. Extracting by manifest.
704 silly tarball no local data for es-errors@https://registry.npmjs.org/es-errors/-/es-errors-1.3.0.tgz. Extracting by manifest.
705 silly tarball no local data for object-inspect@https://registry.npmjs.org/object-inspect/-/object-inspect-1.13.4.tgz. Extracting by manifest.
706 silly tarball no local data for mime@https://registry.npmjs.org/mime/-/mime-1.6.0.tgz. Extracting by manifest.
707 silly tarball no local data for call-bind-apply-helpers@https://registry.npmjs.org/call-bind-apply-helpers/-/call-bind-apply-helpers-1.0.2.tgz. Extracting by manifest.
708 silly tarball no local data for side-channel@https://registry.npmjs.org/side-channel/-/side-channel-1.1.0.tgz. Extracting by manifest.
709 silly tarball no local data for ee-first@https://registry.npmjs.org/ee-first/-/ee-first-1.1.1.tgz. Extracting by manifest.
710 silly tarball no local data for forwarded@https://registry.npmjs.org/forwarded/-/forwarded-0.2.0.tgz. Extracting by manifest.
711 silly tarball no local data for ipaddr.js@https://registry.npmjs.org/ipaddr.js/-/ipaddr.js-1.9.1.tgz. Extracting by manifest.
712 silly tarball no local data for balanced-match@https://registry.npmjs.org/balanced-match/-/balanced-match-4.0.4.tgz. Extracting by manifest.
713 silly tarball no local data for brace-expansion@https://registry.npmjs.org/brace-expansion/-/brace-expansion-5.0.5.tgz. Extracting by manifest.
714 silly tarball no local data for is-extglob@https://registry.npmjs.org/is-extglob/-/is-extglob-2.1.1.tgz. Extracting by manifest.
715 silly tarball no local data for to-regex-range@https://registry.npmjs.org/to-regex-range/-/to-regex-range-5.0.1.tgz. Extracting by manifest.
716 silly tarball no local data for fill-range@https://registry.npmjs.org/fill-range/-/fill-range-7.1.1.tgz. Extracting by manifest.
717 silly tarball no local data for binary-extensions@https://registry.npmjs.org/binary-extensions/-/binary-extensions-2.3.0.tgz. Extracting by manifest.
718 silly tarball no local data for readdirp@https://registry.npmjs.org/readdirp/-/readdirp-3.6.0.tgz. Extracting by manifest.
719 silly tarball no local data for picomatch@https://registry.npmjs.org/picomatch/-/picomatch-2.3.2.tgz. Extracting by manifest.
720 silly tarball no local data for normalize-path@https://registry.npmjs.org/normalize-path/-/normalize-path-3.0.0.tgz. Extracting by manifest.
721 silly tarball no local data for is-glob@https://registry.npmjs.org/is-glob/-/is-glob-4.0.3.tgz. Extracting by manifest.
722 silly tarball no local data for is-binary-path@https://registry.npmjs.org/is-binary-path/-/is-binary-path-2.1.0.tgz. Extracting by manifest.
723 silly tarball no local data for glob-parent@https://registry.npmjs.org/glob-parent/-/glob-parent-5.1.2.tgz. Extracting by manifest.
724 silly tarball no local data for fsevents@https://registry.npmjs.org/fsevents/-/fsevents-2.3.3.tgz. Extracting by manifest.
725 silly tarball no local data for braces@https://registry.npmjs.org/braces/-/braces-3.0.3.tgz. Extracting by manifest.
726 silly tarball no local data for undefsafe@https://registry.npmjs.org/undefsafe/-/undefsafe-2.0.5.tgz. Extracting by manifest.
727 silly tarball no local data for touch@https://registry.npmjs.org/touch/-/touch-3.1.1.tgz. Extracting by manifest.
728 silly tarball no local data for supports-color@https://registry.npmjs.org/supports-color/-/supports-color-5.5.0.tgz. Extracting by manifest.
729 silly tarball no local data for anymatch@https://registry.npmjs.org/anymatch/-/anymatch-3.1.3.tgz. Extracting by manifest.
730 silly tarball no local data for simple-update-notifier@https://registry.npmjs.org/simple-update-notifier/-/simple-update-notifier-2.0.0.tgz. Extracting by manifest.
731 silly tarball no local data for pstree.remy@https://registry.npmjs.org/pstree.remy/-/pstree.remy-1.1.8.tgz. Extracting by manifest.
732 silly tarball no local data for minimatch@https://registry.npmjs.org/minimatch/-/minimatch-10.2.5.tgz. Extracting by manifest.
733 silly tarball no local data for semver@https://registry.npmjs.org/semver/-/semver-7.7.4.tgz. Extracting by manifest.
734 silly tarball no local data for ignore-by-default@https://registry.npmjs.org/ignore-by-default/-/ignore-by-default-1.0.1.tgz. Extracting by manifest.
735 silly tarball no local data for chokidar@https://registry.npmjs.org/chokidar/-/chokidar-3.6.0.tgz. Extracting by manifest.
736 silly tarball no local data for safer-buffer@https://registry.npmjs.org/safer-buffer/-/safer-buffer-2.1.2.tgz. Extracting by manifest.
737 silly tarball no local data for mime-db@https://registry.npmjs.org/mime-db/-/mime-db-1.52.0.tgz. Extracting by manifest.
738 silly tarball no local data for toidentifier@https://registry.npmjs.org/toidentifier/-/toidentifier-1.0.1.tgz. Extracting by manifest.
739 silly tarball no local data for inherits@https://registry.npmjs.org/inherits/-/inherits-2.0.4.tgz. Extracting by manifest.
740 silly tarball no local data for ms@https://registry.npmjs.org/ms/-/ms-2.0.0.tgz. Extracting by manifest.
741 silly tarball no local data for unpipe@https://registry.npmjs.org/unpipe/-/unpipe-1.0.0.tgz. Extracting by manifest.
742 silly tarball no local data for iconv-lite@https://registry.npmjs.org/iconv-lite/-/iconv-lite-0.4.24.tgz. Extracting by manifest.
743 silly tarball no local data for destroy@https://registry.npmjs.org/destroy/-/destroy-1.2.0.tgz. Extracting by manifest.
744 silly tarball no local data for bytes@https://registry.npmjs.org/bytes/-/bytes-3.1.2.tgz. Extracting by manifest.
745 silly tarball no local data for negotiator@https://registry.npmjs.org/negotiator/-/negotiator-0.6.3.tgz. Extracting by manifest.
746 silly tarball no local data for mime-types@https://registry.npmjs.org/mime-types/-/mime-types-2.1.35.tgz. Extracting by manifest.
747 silly tarball no local data for raw-body@https://registry.npmjs.org/raw-body/-/raw-body-2.5.3.tgz. Extracting by manifest.
748 silly tarball no local data for utils-merge@https://registry.npmjs.org/utils-merge/-/utils-merge-1.0.1.tgz. Extracting by manifest.
749 silly tarball no local data for type-is@https://registry.npmjs.org/type-is/-/type-is-1.6.18.tgz. Extracting by manifest.
750 silly tarball no local data for vary@https://registry.npmjs.org/vary/-/vary-1.1.2.tgz. Extracting by manifest.
751 silly tarball no local data for setprototypeof@https://registry.npmjs.org/setprototypeof/-/setprototypeof-1.2.0.tgz. Extracting by manifest.
752 silly tarball no local data for statuses@https://registry.npmjs.org/statuses/-/statuses-2.0.2.tgz. Extracting by manifest.
753 silly tarball no local data for safe-buffer@https://registry.npmjs.org/safe-buffer/-/safe-buffer-5.2.1.tgz. Extracting by manifest.
754 silly tarball no local data for serve-static@https://registry.npmjs.org/serve-static/-/serve-static-1.16.3.tgz. Extracting by manifest.
755 silly tarball no local data for qs@https://registry.npmjs.org/qs/-/qs-6.14.2.tgz. Extracting by manifest.
756 silly tarball no local data for send@https://registry.npmjs.org/send/-/send-0.19.2.tgz. Extracting by manifest.
757 silly tarball no local data for path-to-regexp@https://registry.npmjs.org/path-to-regexp/-/path-to-regexp-0.1.13.tgz. Extracting by manifest.
758 silly tarball no local data for parseurl@https://registry.npmjs.org/parseurl/-/parseurl-1.3.3.tgz. Extracting by manifest.
759 silly tarball no local data for range-parser@https://registry.npmjs.org/range-parser/-/range-parser-1.2.1.tgz. Extracting by manifest.
760 silly tarball no local data for on-finished@https://registry.npmjs.org/on-finished/-/on-finished-2.4.1.tgz. Extracting by manifest.
761 silly tarball no local data for methods@https://registry.npmjs.org/methods/-/methods-1.1.2.tgz. Extracting by manifest.
762 silly tarball no local data for merge-descriptors@https://registry.npmjs.org/merge-descriptors/-/merge-descriptors-1.0.3.tgz. Extracting by manifest.
763 silly tarball no local data for http-errors@https://registry.npmjs.org/http-errors/-/http-errors-2.0.1.tgz. Extracting by manifest.
764 silly tarball no local data for fresh@https://registry.npmjs.org/fresh/-/fresh-0.5.2.tgz. Extracting by manifest.
765 silly tarball no local data for finalhandler@https://registry.npmjs.org/finalhandler/-/finalhandler-1.3.2.tgz. Extracting by manifest.
766 silly tarball no local data for escape-html@https://registry.npmjs.org/escape-html/-/escape-html-1.0.3.tgz. Extracting by manifest.
767 silly tarball no local data for proxy-addr@https://registry.npmjs.org/proxy-addr/-/proxy-addr-2.0.7.tgz. Extracting by manifest.
768 silly tarball no local data for etag@https://registry.npmjs.org/etag/-/etag-1.8.1.tgz. Extracting by manifest.
769 silly tarball no local data for depd@https://registry.npmjs.org/depd/-/depd-2.0.0.tgz. Extracting by manifest.
770 silly tarball no local data for cookie-signature@https://registry.npmjs.org/cookie-signature/-/cookie-signature-1.0.7.tgz. Extracting by manifest.
771 silly tarball no local data for cookie@https://registry.npmjs.org/cookie/-/cookie-0.7.2.tgz. Extracting by manifest.
772 silly tarball no local data for content-type@https://registry.npmjs.org/content-type/-/content-type-1.0.5.tgz. Extracting by manifest.
773 silly tarball no local data for content-disposition@https://registry.npmjs.org/content-disposition/-/content-disposition-0.5.4.tgz. Extracting by manifest.
774 silly tarball no local data for body-parser@https://registry.npmjs.org/body-parser/-/body-parser-1.20.5.tgz. Extracting by manifest.
775 silly tarball no local data for array-flatten@https://registry.npmjs.org/array-flatten/-/array-flatten-1.1.1.tgz. Extracting by manifest.
776 silly tarball no local data for accepts@https://registry.npmjs.org/accepts/-/accepts-1.3.8.tgz. Extracting by manifest.
777 silly tarball no local data for stripe@https://registry.npmjs.org/stripe/-/stripe-14.25.0.tgz. Extracting by manifest.
778 silly tarball no local data for nodemon@https://registry.npmjs.org/nodemon/-/nodemon-3.1.14.tgz. Extracting by manifest.
779 silly tarball no local data for express@https://registry.npmjs.org/express/-/express-4.22.1.tgz. Extracting by manifest.
780 silly tarball no local data for ms@https://registry.npmjs.org/ms/-/ms-2.1.3.tgz. Extracting by manifest.
781 silly tarball no local data for dotenv@https://registry.npmjs.org/dotenv/-/dotenv-16.6.1.tgz. Extracting by manifest.
782 silly tarball no local data for qs@https://registry.npmjs.org/qs/-/qs-6.15.1.tgz. Extracting by manifest.
783 silly tarball no local data for ms@https://registry.npmjs.org/ms/-/ms-2.1.3.tgz. Extracting by manifest.
784 silly tarball no local data for debug@https://registry.npmjs.org/debug/-/debug-4.4.3.tgz. Extracting by manifest.
785 silly tarball no local data for encodeurl@https://registry.npmjs.org/encodeurl/-/encodeurl-2.0.0.tgz. Extracting by manifest.
786 silly tarball no local data for debug@https://registry.npmjs.org/debug/-/debug-2.6.9.tgz. Extracting by manifest.
787 http fetch GET 200 https://registry.npmjs.org/is-number/-/is-number-7.0.0.tgz 70ms (cache miss)
788 http fetch GET 200 https://registry.npmjs.org/has-flag/-/has-flag-3.0.0.tgz 69ms (cache miss)
789 http fetch GET 200 https://registry.npmjs.org/undici-types/-/undici-types-7.19.2.tgz 72ms (cache miss)
790 http fetch GET 200 https://registry.npmjs.org/dunder-proto/-/dunder-proto-1.0.1.tgz 111ms (cache miss)
791 http fetch GET 200 https://registry.npmjs.org/media-typer/-/media-typer-0.3.0.tgz 118ms (cache miss)
792 http fetch GET 200 https://registry.npmjs.org/side-channel-weakmap/-/side-channel-weakmap-1.0.2.tgz 149ms (cache miss)
793 http fetch GET 200 https://registry.npmjs.org/call-bound/-/call-bound-1.0.4.tgz 155ms (cache miss)
794 http fetch GET 200 https://registry.npmjs.org/side-channel-map/-/side-channel-map-1.0.1.tgz 156ms (cache miss)
795 http fetch GET 200 https://registry.npmjs.org/side-channel-list/-/side-channel-list-1.0.1.tgz 191ms (cache miss)
796 http fetch GET 200 https://registry.npmjs.org/hasown/-/hasown-2.0.3.tgz 195ms (cache miss)
797 http fetch GET 200 https://registry.npmjs.org/get-proto/-/get-proto-1.0.1.tgz 198ms (cache miss)
798 http fetch GET 200 https://registry.npmjs.org/gopd/-/gopd-1.2.0.tgz 219ms (cache miss)
799 http fetch GET 200 https://registry.npmjs.org/function-bind/-/function-bind-1.1.2.tgz 219ms (cache miss)
800 http fetch GET 200 https://registry.npmjs.org/get-intrinsic/-/get-intrinsic-1.3.0.tgz 222ms (cache miss)
801 http fetch GET 200 https://registry.npmjs.org/math-intrinsics/-/math-intrinsics-1.1.0.tgz 247ms (cache miss)
802 http fetch GET 200 https://registry.npmjs.org/es-errors/-/es-errors-1.3.0.tgz 246ms (cache miss)
803 http fetch GET 200 https://registry.npmjs.org/object-inspect/-/object-inspect-1.13.4.tgz 251ms (cache miss)
804 http fetch GET 200 https://registry.npmjs.org/mime/-/mime-1.6.0.tgz 255ms (cache miss)
805 http fetch GET 200 https://registry.npmjs.org/es-object-atoms/-/es-object-atoms-1.1.1.tgz 261ms (cache miss)
806 http fetch GET 200 https://registry.npmjs.org/call-bind-apply-helpers/-/call-bind-apply-helpers-1.0.2.tgz 264ms (cache miss)
807 http fetch GET 200 https://registry.npmjs.org/es-define-property/-/es-define-property-1.0.1.tgz 274ms (cache miss)
808 http fetch GET 200 https://registry.npmjs.org/has-symbols/-/has-symbols-1.1.0.tgz 277ms (cache miss)
809 http fetch POST 200 https://registry.npmjs.org/-/npm/v1/security/advisories/bulk 336ms
810 silly audit report {}
811 http fetch GET 200 https://registry.npmjs.org/@types/node/-/node-25.6.0.tgz 340ms (cache miss)
812 http fetch GET 200 https://registry.npmjs.org/side-channel/-/side-channel-1.1.0.tgz 345ms (cache miss)
813 http fetch GET 200 https://registry.npmjs.org/ipaddr.js/-/ipaddr.js-1.9.1.tgz 348ms (cache miss)
814 http fetch GET 200 https://registry.npmjs.org/forwarded/-/forwarded-0.2.0.tgz 349ms (cache miss)
815 http fetch GET 200 https://registry.npmjs.org/ee-first/-/ee-first-1.1.1.tgz 349ms (cache miss)
816 http fetch GET 200 https://registry.npmjs.org/brace-expansion/-/brace-expansion-5.0.5.tgz 364ms (cache miss)
817 http fetch GET 200 https://registry.npmjs.org/is-extglob/-/is-extglob-2.1.1.tgz 364ms (cache miss)
818 http fetch GET 200 https://registry.npmjs.org/to-regex-range/-/to-regex-range-5.0.1.tgz 365ms (cache miss)
819 http fetch GET 200 https://registry.npmjs.org/balanced-match/-/balanced-match-4.0.4.tgz 372ms (cache miss)
820 http fetch GET 200 https://registry.npmjs.org/fill-range/-/fill-range-7.1.1.tgz 372ms (cache miss)
821 http fetch GET 200 https://registry.npmjs.org/binary-extensions/-/binary-extensions-2.3.0.tgz 386ms (cache miss)
822 http fetch GET 200 https://registry.npmjs.org/readdirp/-/readdirp-3.6.0.tgz 386ms (cache miss)
823 http fetch GET 200 https://registry.npmjs.org/is-binary-path/-/is-binary-path-2.1.0.tgz 386ms (cache miss)
824 http fetch GET 200 https://registry.npmjs.org/picomatch/-/picomatch-2.3.2.tgz 392ms (cache miss)
825 http fetch GET 200 https://registry.npmjs.org/normalize-path/-/normalize-path-3.0.0.tgz 395ms (cache miss)
826 http fetch GET 200 https://registry.npmjs.org/glob-parent/-/glob-parent-5.1.2.tgz 396ms (cache miss)
827 http fetch GET 200 https://registry.npmjs.org/is-glob/-/is-glob-4.0.3.tgz 396ms (cache miss)
828 http fetch GET 200 https://registry.npmjs.org/braces/-/braces-3.0.3.tgz 397ms (cache miss)
829 http fetch GET 200 https://registry.npmjs.org/undefsafe/-/undefsafe-2.0.5.tgz 405ms (cache miss)
830 http fetch GET 200 https://registry.npmjs.org/fsevents/-/fsevents-2.3.3.tgz 413ms (cache miss)
831 http fetch GET 200 https://registry.npmjs.org/supports-color/-/supports-color-5.5.0.tgz 414ms (cache miss)
832 http fetch GET 200 https://registry.npmjs.org/anymatch/-/anymatch-3.1.3.tgz 415ms (cache miss)
833 http fetch GET 200 https://registry.npmjs.org/simple-update-notifier/-/simple-update-notifier-2.0.0.tgz 423ms (cache miss)
834 http fetch GET 200 https://registry.npmjs.org/touch/-/touch-3.1.1.tgz 428ms (cache miss)
835 http fetch GET 200 https://registry.npmjs.org/pstree.remy/-/pstree.remy-1.1.8.tgz 448ms (cache miss)
836 http fetch GET 200 https://registry.npmjs.org/inherits/-/inherits-2.0.4.tgz 470ms (cache miss)
837 http fetch GET 200 https://registry.npmjs.org/mime-db/-/mime-db-1.52.0.tgz 473ms (cache miss)
838 http fetch GET 200 https://registry.npmjs.org/ignore-by-default/-/ignore-by-default-1.0.1.tgz 478ms (cache miss)
839 http fetch GET 200 https://registry.npmjs.org/ms/-/ms-2.0.0.tgz 478ms (cache miss)
840 http fetch GET 200 https://registry.npmjs.org/safer-buffer/-/safer-buffer-2.1.2.tgz 494ms (cache miss)
841 http fetch GET 200 https://registry.npmjs.org/destroy/-/destroy-1.2.0.tgz 497ms (cache miss)
842 http fetch GET 200 https://registry.npmjs.org/unpipe/-/unpipe-1.0.0.tgz 497ms (cache miss)
843 http fetch GET 200 https://registry.npmjs.org/bytes/-/bytes-3.1.2.tgz 498ms (cache miss)
844 http fetch GET 200 https://registry.npmjs.org/negotiator/-/negotiator-0.6.3.tgz 523ms (cache miss)
845 http fetch GET 200 https://registry.npmjs.org/toidentifier/-/toidentifier-1.0.1.tgz 527ms (cache miss)
846 http fetch GET 200 https://registry.npmjs.org/semver/-/semver-7.7.4.tgz 536ms (cache miss)
847 http fetch GET 200 https://registry.npmjs.org/raw-body/-/raw-body-2.5.3.tgz 557ms (cache miss)
848 http fetch GET 200 https://registry.npmjs.org/chokidar/-/chokidar-3.6.0.tgz 577ms (cache miss)
849 http fetch GET 200 https://registry.npmjs.org/mime-types/-/mime-types-2.1.35.tgz 640ms (cache miss)
850 http fetch GET 200 https://registry.npmjs.org/utils-merge/-/utils-merge-1.0.1.tgz 643ms (cache miss)
851 http fetch GET 200 https://registry.npmjs.org/vary/-/vary-1.1.2.tgz 682ms (cache miss)
852 http fetch GET 200 https://registry.npmjs.org/iconv-lite/-/iconv-lite-0.4.24.tgz 697ms (cache miss)
853 http fetch GET 200 https://registry.npmjs.org/type-is/-/type-is-1.6.18.tgz 725ms (cache miss)
854 http fetch GET 200 https://registry.npmjs.org/safe-buffer/-/safe-buffer-5.2.1.tgz 726ms (cache miss)
855 http fetch GET 200 https://registry.npmjs.org/minimatch/-/minimatch-10.2.5.tgz 729ms (cache miss)
856 http fetch GET 200 https://registry.npmjs.org/serve-static/-/serve-static-1.16.3.tgz 728ms (cache miss)
857 http fetch GET 200 https://registry.npmjs.org/parseurl/-/parseurl-1.3.3.tgz 732ms (cache miss)
858 http fetch GET 200 https://registry.npmjs.org/range-parser/-/range-parser-1.2.1.tgz 751ms (cache miss)
859 http fetch GET 200 https://registry.npmjs.org/methods/-/methods-1.1.2.tgz 752ms (cache miss)
860 http fetch GET 200 https://registry.npmjs.org/on-finished/-/on-finished-2.4.1.tgz 792ms (cache miss)
861 http fetch GET 200 https://registry.npmjs.org/http-errors/-/http-errors-2.0.1.tgz 792ms (cache miss)
862 http fetch GET 200 https://registry.npmjs.org/fresh/-/fresh-0.5.2.tgz 799ms (cache miss)
863 http fetch GET 200 https://registry.npmjs.org/depd/-/depd-2.0.0.tgz 805ms (cache miss)
864 http fetch GET 200 https://registry.npmjs.org/etag/-/etag-1.8.1.tgz 810ms (cache miss)
865 http fetch GET 200 https://registry.npmjs.org/proxy-addr/-/proxy-addr-2.0.7.tgz 812ms (cache miss)
866 http fetch GET 200 https://registry.npmjs.org/finalhandler/-/finalhandler-1.3.2.tgz 824ms (cache miss)
867 http fetch GET 200 https://registry.npmjs.org/cookie-signature/-/cookie-signature-1.0.7.tgz 825ms (cache miss)
868 http fetch GET 200 https://registry.npmjs.org/escape-html/-/escape-html-1.0.3.tgz 825ms (cache miss)
869 http fetch GET 200 https://registry.npmjs.org/qs/-/qs-6.14.2.tgz 840ms (cache miss)
870 http fetch GET 200 https://registry.npmjs.org/merge-descriptors/-/merge-descriptors-1.0.3.tgz 849ms (cache miss)
871 http fetch GET 200 https://registry.npmjs.org/content-type/-/content-type-1.0.5.tgz 851ms (cache miss)
872 http fetch GET 200 https://registry.npmjs.org/content-disposition/-/content-disposition-0.5.4.tgz 863ms (cache miss)
873 http fetch GET 200 https://registry.npmjs.org/cookie/-/cookie-0.7.2.tgz 870ms (cache miss)
874 http fetch GET 200 https://registry.npmjs.org/body-parser/-/body-parser-1.20.5.tgz 873ms (cache miss)
875 http fetch GET 200 https://registry.npmjs.org/array-flatten/-/array-flatten-1.1.1.tgz 879ms (cache miss)
876 http fetch GET 200 https://registry.npmjs.org/accepts/-/accepts-1.3.8.tgz 879ms (cache miss)
877 http fetch GET 200 https://registry.npmjs.org/dotenv/-/dotenv-16.6.1.tgz 932ms (cache miss)
878 http fetch GET 200 https://registry.npmjs.org/nodemon/-/nodemon-3.1.14.tgz 956ms (cache miss)
879 http fetch GET 200 https://registry.npmjs.org/ms/-/ms-2.1.3.tgz 959ms (cache miss)
880 http fetch GET 200 https://registry.npmjs.org/express/-/express-4.22.1.tgz 977ms (cache miss)
881 http fetch GET 200 https://registry.npmjs.org/ms/-/ms-2.1.3.tgz 991ms (cache miss)
882 http fetch GET 200 https://registry.npmjs.org/setprototypeof/-/setprototypeof-1.2.0.tgz 1002ms (cache miss)
883 http fetch GET 200 https://registry.npmjs.org/encodeurl/-/encodeurl-2.0.0.tgz 1007ms (cache miss)
884 http fetch GET 200 https://registry.npmjs.org/debug/-/debug-2.6.9.tgz 1032ms (cache miss)
885 http fetch GET 200 https://registry.npmjs.org/debug/-/debug-4.4.3.tgz 1045ms (cache miss)
886 http fetch GET 200 https://registry.npmjs.org/qs/-/qs-6.15.1.tgz 1068ms (cache miss)
887 http fetch GET 200 https://registry.npmjs.org/statuses/-/statuses-2.0.2.tgz 1146ms (cache miss)
888 http fetch GET 200 https://registry.npmjs.org/path-to-regexp/-/path-to-regexp-0.1.13.tgz 1178ms (cache miss)
889 http fetch GET 200 https://registry.npmjs.org/send/-/send-0.19.2.tgz 1213ms (cache miss)
890 http fetch GET 200 https://registry.npmjs.org/stripe/-/stripe-14.25.0.tgz 1267ms (cache miss)
891 info run fsevents@2.3.3 install node_modules/fsevents node-gyp rebuild
892 info run fsevents@2.3.3 install { code: 1, signal: null }
893 verbose reify failed optional dependency /Users/magic/Python/ruta-naturals/node_modules/fsevents
894 silly reify mark deleted [ '/Users/magic/Python/ruta-naturals/node_modules/fsevents' ]
895 silly ADD node_modules/media-typer
896 silly ADD node_modules/is-number
897 silly ADD node_modules/has-flag
898 silly ADD node_modules/undici-types
899 silly ADD node_modules/@types/node
900 silly ADD node_modules/dunder-proto
901 silly ADD node_modules/math-intrinsics
902 silly ADD node_modules/hasown
903 silly ADD node_modules/has-symbols
904 silly ADD node_modules/gopd
905 silly ADD node_modules/get-proto
906 silly ADD node_modules/es-object-atoms
907 silly ADD node_modules/es-define-property
908 silly ADD node_modules/function-bind
909 silly ADD node_modules/call-bind-apply-helpers
910 silly ADD node_modules/get-intrinsic
911 silly ADD node_modules/call-bound
912 silly ADD node_modules/side-channel-weakmap
913 silly ADD node_modules/side-channel-map
914 silly ADD node_modules/side-channel-list
915 silly ADD node_modules/object-inspect
916 silly ADD node_modules/es-errors
917 silly ADD node_modules/mime
918 silly ADD node_modules/side-channel
919 silly ADD node_modules/ipaddr.js
920 silly ADD node_modules/forwarded
921 silly ADD node_modules/ee-first
922 silly ADD node_modules/balanced-match
923 silly ADD node_modules/brace-expansion
924 silly ADD node_modules/is-extglob
925 silly ADD node_modules/binary-extensions
926 silly ADD node_modules/to-regex-range
927 silly ADD node_modules/fill-range
928 silly ADD node_modules/picomatch
929 silly ADD node_modules/readdirp
930 silly ADD node_modules/normalize-path
931 silly ADD node_modules/is-glob
932 silly ADD node_modules/is-binary-path
933 silly ADD node_modules/glob-parent
934 silly ADD
935 silly ADD node_modules/braces
936 silly ADD node_modules/anymatch
937 silly ADD node_modules/undefsafe
938 silly ADD node_modules/touch
939 silly ADD node_modules/supports-color
940 silly ADD node_modules/simple-update-notifier
941 silly ADD node_modules/semver
942 silly ADD node_modules/pstree.remy
943 silly ADD node_modules/minimatch
944 silly ADD node_modules/ignore-by-default
945 silly ADD node_modules/chokidar
946 silly ADD node_modules/mime-db
947 silly ADD node_modules/safer-buffer
948 silly ADD node_modules/toidentifier
949 silly ADD node_modules/inherits
950 silly ADD node_modules/ms
951 silly ADD node_modules/unpipe
952 silly ADD node_modules/raw-body
953 silly ADD node_modules/iconv-lite
954 silly ADD node_modules/destroy
955 silly ADD node_modules/bytes
956 silly ADD node_modules/negotiator
957 silly ADD node_modules/mime-types
958 silly ADD node_modules/vary
959 silly ADD node_modules/utils-merge
960 silly ADD node_modules/type-is
961 silly ADD node_modules/statuses
962 silly ADD node_modules/setprototypeof
963 silly ADD node_modules/serve-static
964 silly ADD node_modules/send
965 silly ADD node_modules/send/node_modules/ms
966 silly ADD node_modules/safe-buffer
967 silly ADD node_modules/range-parser
968 silly ADD node_modules/qs
969 silly ADD node_modules/proxy-addr
970 silly ADD node_modules/path-to-regexp
971 silly ADD node_modules/parseurl
972 silly ADD node_modules/on-finished
973 silly ADD node_modules/methods
974 silly ADD node_modules/merge-descriptors
975 silly ADD node_modules/http-errors
976 silly ADD node_modules/fresh
977 silly ADD node_modules/finalhandler
978 silly ADD node_modules/etag
979 silly ADD node_modules/escape-html
980 silly ADD node_modules/encodeurl
981 silly ADD node_modules/depd
982 silly ADD node_modules/debug
983 silly ADD node_modules/cookie-signature
984 silly ADD node_modules/cookie
985 silly ADD node_modules/content-type
986 silly ADD node_modules/content-disposition
987 silly ADD node_modules/body-parser
988 silly ADD node_modules/body-parser/node_modules/qs
989 silly ADD node_modules/array-flatten
990 silly ADD node_modules/accepts
991 silly ADD node_modules/stripe
992 silly ADD node_modules/nodemon
993 silly ADD node_modules/nodemon/node_modules/ms
994 silly ADD node_modules/nodemon/node_modules/debug
995 silly ADD node_modules/express
996 silly ADD node_modules/dotenv
997 verbose cwd /Users/magic/Python/ruta-naturals
998 verbose os Darwin 24.5.0
999 verbose node v22.15.1
1000 verbose npm  v10.9.2
1001 notice
1001 notice New [31mmajor[39m version of npm available! [31m10.9.2[39m -> [34m11.13.0[39m
1001 notice Changelog: [34mhttps://github.com/npm/cli/releases/tag/v11.13.0[39m
1001 notice To update run: [4mnpm install -g npm@11.13.0[24m
1001 notice  { force: true, [Symbol(proc-log.meta)]: true }
1002 verbose exit 0
1003 info ok
